---
source: tests/suite/cases.gen.rs
expression: tokens
---
- token: DirectivesEnd
  start:
    index: 0
    line: 0
    column: 0
  end:
    index: 3
    line: 0
    column: 3
- token: Break
  start:
    index: 3
    line: 0
    column: 3
  end:
    index: 5
    line: 1
    column: 0
- token: Indent
  start:
    index: 5
    line: 1
    column: 0
  end:
    index: 5
    line: 1
    column: 0
- token: Scalar
  start:
    index: 5
    line: 1
    column: 0
  end:
    index: 7
    line: 1
    column: 2
- token: MappingValue
  start:
    index: 7
    line: 1
    column: 2
  end:
    index: 8
    line: 1
    column: 3
- token: Break
  start:
    index: 8
    line: 1
    column: 3
  end:
    index: 10
    line: 2
    column: 0
- token: Indent
  start:
    index: 10
    line: 2
    column: 0
  end:
    index: 12
    line: 2
    column: 2
- token: SequenceEntry
  start:
    index: 12
    line: 2
    column: 2
  end:
    index: 13
    line: 2
    column: 3
- token: Separator
  start:
    index: 13
    line: 2
    column: 3
  end:
    index: 14
    line: 2
    column: 4
- token: Scalar
  start:
    index: 14
    line: 2
    column: 4
  end:
    index: 26
    line: 2
    column: 16
- token: Break
  start:
    index: 26
    line: 2
    column: 16
  end:
    index: 28
    line: 3
    column: 0
- token: Separator
  start:
    index: 28
    line: 3
    column: 0
  end:
    index: 30
    line: 3
    column: 2
- token: Comment
  start:
    index: 30
    line: 3
    column: 2
  end:
    index: 31
    line: 3
    column: 3
- token: CommentText
  start:
    index: 31
    line: 3
    column: 3
  end:
    index: 57
    line: 3
    column: 29
- token: Break
  start:
    index: 57
    line: 3
    column: 29
  end:
    index: 59
    line: 4
    column: 0
- token: Indent
  start:
    index: 59
    line: 4
    column: 0
  end:
    index: 61
    line: 4
    column: 2
- token: SequenceEntry
  start:
    index: 61
    line: 4
    column: 2
  end:
    index: 62
    line: 4
    column: 3
- token: Separator
  start:
    index: 62
    line: 4
    column: 3
  end:
    index: 63
    line: 4
    column: 4
- token: Anchor
  start:
    index: 63
    line: 4
    column: 4
  end:
    index: 64
    line: 4
    column: 5
- token: AnchorName
  start:
    index: 64
    line: 4
    column: 5
  end:
    index: 66
    line: 4
    column: 7
- token: Separator
  start:
    index: 66
    line: 4
    column: 7
  end:
    index: 67
    line: 4
    column: 8
- token: Scalar
  start:
    index: 67
    line: 4
    column: 8
  end:
    index: 77
    line: 4
    column: 18
- token: Break
  start:
    index: 77
    line: 4
    column: 18
  end:
    index: 79
    line: 5
    column: 0
- token: Indent
  start:
    index: 79
    line: 5
    column: 0
  end:
    index: 79
    line: 5
    column: 0
- token: Scalar
  start:
    index: 79
    line: 5
    column: 0
  end:
    index: 82
    line: 5
    column: 3
- token: MappingValue
  start:
    index: 82
    line: 5
    column: 3
  end:
    index: 83
    line: 5
    column: 4
- token: Break
  start:
    index: 83
    line: 5
    column: 4
  end:
    index: 85
    line: 6
    column: 0
- token: Indent
  start:
    index: 85
    line: 6
    column: 0
  end:
    index: 87
    line: 6
    column: 2
- token: SequenceEntry
  start:
    index: 87
    line: 6
    column: 2
  end:
    index: 88
    line: 6
    column: 3
- token: Separator
  start:
    index: 88
    line: 6
    column: 3
  end:
    index: 89
    line: 6
    column: 4
- token: Alias
  start:
    index: 89
    line: 6
    column: 4
  end:
    index: 90
    line: 6
    column: 5
- token: AnchorName
  start:
    index: 90
    line: 6
    column: 5
  end:
    index: 92
    line: 6
    column: 7
- token: Separator
  start:
    index: 92
    line: 6
    column: 7
  end:
    index: 93
    line: 6
    column: 8
- token: Comment
  start:
    index: 93
    line: 6
    column: 8
  end:
    index: 94
    line: 6
    column: 9
- token: CommentText
  start:
    index: 94
    line: 6
    column: 9
  end:
    index: 116
    line: 6
    column: 31
- token: Break
  start:
    index: 116
    line: 6
    column: 31
  end:
    index: 118
    line: 7
    column: 0
- token: Indent
  start:
    index: 118
    line: 7
    column: 0
  end:
    index: 120
    line: 7
    column: 2
- token: SequenceEntry
  start:
    index: 120
    line: 7
    column: 2
  end:
    index: 121
    line: 7
    column: 3
- token: Separator
  start:
    index: 121
    line: 7
    column: 3
  end:
    index: 122
    line: 7
    column: 4
- token: Scalar
  start:
    index: 122
    line: 7
    column: 4
  end:
    index: 133
    line: 7
    column: 15
- token: Break
  start:
    index: 133
    line: 7
    column: 15
  end:
    index: 135
    line: 8
    column: 0

