---
source: tests/suite/cases.gen.rs
expression: tokens
---
- token: Indent
  start:
    index: 0
    line: 0
    column: 0
  end:
    index: 0
    line: 0
    column: 0
- token: SequenceStart
  start:
    index: 0
    line: 0
    column: 0
  end:
    index: 1
    line: 0
    column: 1
- token: Scalar
  start:
    index: 1
    line: 0
    column: 1
  end:
    index: 5
    line: 0
    column: 5
- token: SequenceEnd
  start:
    index: 5
    line: 0
    column: 5
  end:
    index: 6
    line: 0
    column: 6
- token: MappingValue
  start:
    index: 6
    line: 0
    column: 6
  end:
    index: 7
    line: 0
    column: 7
- token: Separator
  start:
    index: 7
    line: 0
    column: 7
  end:
    index: 8
    line: 0
    column: 8
- token: Scalar
  start:
    index: 8
    line: 0
    column: 8
  end:
    index: 13
    line: 0
    column: 13
- token: Break
  start:
    index: 13
    line: 0
    column: 13
  end:
    index: 15
    line: 1
    column: 0

