---
source: tests/suite/cases.gen.rs
expression: tokens
---
- token: Indent
  start:
    line: 0
    column: 0
  end:
    line: 0
    column: 0
- token: MappingKey
  start:
    line: 0
    column: 0
  end:
    line: 0
    column: 1
- token: Separator
  start:
    line: 0
    column: 1
  end:
    line: 0
    column: 2
- token: Scalar
  start:
    line: 0
    column: 2
  end:
    line: 0
    column: 3
- token: Break
  start:
    line: 0
    column: 3
  end:
    line: 1
    column: 0
- token: Indent
  start:
    line: 1
    column: 0
  end:
    line: 1
    column: 0
- token: MappingValue
  start:
    line: 1
    column: 0
  end:
    line: 1
    column: 1
- token: Separator
  start:
    line: 1
    column: 1
  end:
    line: 1
    column: 2
- token: Scalar
  start:
    line: 1
    column: 2
  end:
    line: 1
    column: 5
- token: Break
  start:
    line: 1
    column: 5
  end:
    line: 2
    column: 0
- token: Indent
  start:
    line: 2
    column: 0
  end:
    line: 2
    column: 0
- token: Scalar
  start:
    line: 2
    column: 0
  end:
    line: 2
    column: 7
- token: MappingValue
  start:
    line: 2
    column: 7
  end:
    line: 2
    column: 8
- token: Separator
  start:
    line: 2
    column: 8
  end:
    line: 2
    column: 9
- token: Scalar
  start:
    line: 2
    column: 9
  end:
    line: 2
    column: 10
- token: Break
  start:
    line: 2
    column: 10
  end:
    line: 3
    column: 0

