---
source: tests/suite/cases.gen.rs
expression: tokens
---
- token: Indent
  start:
    index: 0
    line: 0
    column: 0
  end:
    index: 0
    line: 0
    column: 0
- token: Anchor
  start:
    index: 0
    line: 0
    column: 0
  end:
    index: 1
    line: 0
    column: 1
- token: AnchorName
  start:
    index: 1
    line: 0
    column: 1
  end:
    index: 3
    line: 0
    column: 3
- token: Separator
  start:
    index: 3
    line: 0
    column: 3
  end:
    index: 4
    line: 0
    column: 4
- token: Scalar
  start:
    index: 4
    line: 0
    column: 4
  end:
    index: 7
    line: 0
    column: 7
- token: MappingValue
  start:
    index: 7
    line: 0
    column: 7
  end:
    index: 8
    line: 0
    column: 8
- token: Separator
  start:
    index: 8
    line: 0
    column: 8
  end:
    index: 9
    line: 0
    column: 9
- token: Anchor
  start:
    index: 9
    line: 0
    column: 9
  end:
    index: 10
    line: 0
    column: 10
- token: AnchorName
  start:
    index: 10
    line: 0
    column: 10
  end:
    index: 11
    line: 0
    column: 11
- token: Separator
  start:
    index: 11
    line: 0
    column: 11
  end:
    index: 12
    line: 0
    column: 12
- token: Scalar
  start:
    index: 12
    line: 0
    column: 12
  end:
    index: 17
    line: 0
    column: 17
- token: Break
  start:
    index: 17
    line: 0
    column: 17
  end:
    index: 19
    line: 1
    column: 0
- token: Indent
  start:
    index: 19
    line: 1
    column: 0
  end:
    index: 19
    line: 1
    column: 0
- token: Scalar
  start:
    index: 19
    line: 1
    column: 0
  end:
    index: 22
    line: 1
    column: 3
- token: MappingValue
  start:
    index: 22
    line: 1
    column: 3
  end:
    index: 23
    line: 1
    column: 4
- token: Break
  start:
    index: 23
    line: 1
    column: 4
  end:
    index: 25
    line: 2
    column: 0
- token: Indent
  start:
    index: 25
    line: 2
    column: 0
  end:
    index: 26
    line: 2
    column: 1
- token: Separator
  start:
    index: 26
    line: 2
    column: 1
  end:
    index: 27
    line: 2
    column: 2
- token: Alias
  start:
    index: 27
    line: 2
    column: 2
  end:
    index: 28
    line: 2
    column: 3
- token: AnchorName
  start:
    index: 28
    line: 2
    column: 3
  end:
    index: 30
    line: 2
    column: 5
- token: Break
  start:
    index: 30
    line: 2
    column: 5
  end:
    index: 32
    line: 3
    column: 0

