---
source: tests/suite/cases.gen.rs
expression: tokens
---
- token: Indent
  start:
    index: 0
    line: 0
    column: 0
  end:
    index: 0
    line: 0
    column: 0
- token: MappingStart
  start:
    index: 0
    line: 0
    column: 0
  end:
    index: 1
    line: 0
    column: 1
- token: Separator
  start:
    index: 1
    line: 0
    column: 1
  end:
    index: 2
    line: 0
    column: 2
- token: Anchor
  start:
    index: 2
    line: 0
    column: 2
  end:
    index: 3
    line: 0
    column: 3
- token: AnchorName
  start:
    index: 3
    line: 0
    column: 3
  end:
    index: 4
    line: 0
    column: 4
- token: Separator
  start:
    index: 4
    line: 0
    column: 4
  end:
    index: 5
    line: 0
    column: 5
- token: SequenceStart
  start:
    index: 5
    line: 0
    column: 5
  end:
    index: 6
    line: 0
    column: 6
- token: Scalar
  start:
    index: 6
    line: 0
    column: 6
  end:
    index: 7
    line: 0
    column: 7
- token: CollectionEntry
  start:
    index: 7
    line: 0
    column: 7
  end:
    index: 8
    line: 0
    column: 8
- token: Separator
  start:
    index: 8
    line: 0
    column: 8
  end:
    index: 9
    line: 0
    column: 9
- token: Anchor
  start:
    index: 9
    line: 0
    column: 9
  end:
    index: 10
    line: 0
    column: 10
- token: AnchorName
  start:
    index: 10
    line: 0
    column: 10
  end:
    index: 11
    line: 0
    column: 11
- token: Separator
  start:
    index: 11
    line: 0
    column: 11
  end:
    index: 12
    line: 0
    column: 12
- token: Scalar
  start:
    index: 12
    line: 0
    column: 12
  end:
    index: 13
    line: 0
    column: 13
- token: SequenceEnd
  start:
    index: 13
    line: 0
    column: 13
  end:
    index: 14
    line: 0
    column: 14
- token: MappingValue
  start:
    index: 14
    line: 0
    column: 14
  end:
    index: 15
    line: 0
    column: 15
- token: Separator
  start:
    index: 15
    line: 0
    column: 15
  end:
    index: 16
    line: 0
    column: 16
- token: Alias
  start:
    index: 16
    line: 0
    column: 16
  end:
    index: 17
    line: 0
    column: 17
- token: AnchorName
  start:
    index: 17
    line: 0
    column: 17
  end:
    index: 18
    line: 0
    column: 18
- token: CollectionEntry
  start:
    index: 18
    line: 0
    column: 18
  end:
    index: 19
    line: 0
    column: 19
- token: Separator
  start:
    index: 19
    line: 0
    column: 19
  end:
    index: 20
    line: 0
    column: 20
- token: Alias
  start:
    index: 20
    line: 0
    column: 20
  end:
    index: 21
    line: 0
    column: 21
- token: AnchorName
  start:
    index: 21
    line: 0
    column: 21
  end:
    index: 22
    line: 0
    column: 22
- token: Separator
  start:
    index: 22
    line: 0
    column: 22
  end:
    index: 23
    line: 0
    column: 23
- token: MappingValue
  start:
    index: 23
    line: 0
    column: 23
  end:
    index: 24
    line: 0
    column: 24
- token: Separator
  start:
    index: 24
    line: 0
    column: 24
  end:
    index: 25
    line: 0
    column: 25
- token: SequenceStart
  start:
    index: 25
    line: 0
    column: 25
  end:
    index: 26
    line: 0
    column: 26
- token: Scalar
  start:
    index: 26
    line: 0
    column: 26
  end:
    index: 27
    line: 0
    column: 27
- token: CollectionEntry
  start:
    index: 27
    line: 0
    column: 27
  end:
    index: 28
    line: 0
    column: 28
- token: Separator
  start:
    index: 28
    line: 0
    column: 28
  end:
    index: 29
    line: 0
    column: 29
- token: Alias
  start:
    index: 29
    line: 0
    column: 29
  end:
    index: 30
    line: 0
    column: 30
- token: AnchorName
  start:
    index: 30
    line: 0
    column: 30
  end:
    index: 31
    line: 0
    column: 31
- token: CollectionEntry
  start:
    index: 31
    line: 0
    column: 31
  end:
    index: 32
    line: 0
    column: 32
- token: Separator
  start:
    index: 32
    line: 0
    column: 32
  end:
    index: 33
    line: 0
    column: 33
- token: Scalar
  start:
    index: 33
    line: 0
    column: 33
  end:
    index: 34
    line: 0
    column: 34
- token: SequenceEnd
  start:
    index: 34
    line: 0
    column: 34
  end:
    index: 35
    line: 0
    column: 35
- token: MappingEnd
  start:
    index: 35
    line: 0
    column: 35
  end:
    index: 36
    line: 0
    column: 36
- token: Break
  start:
    index: 36
    line: 0
    column: 36
  end:
    index: 38
    line: 1
    column: 0

