---
source: tests/suite/cases.gen.rs
expression: tokens
---
- token: Indent
  start:
    line: 0
    column: 0
  end:
    line: 0
    column: 0
- token: MappingKey
  start:
    line: 0
    column: 0
  end:
    line: 0
    column: 1
- token: Separator
  start:
    line: 0
    column: 1
  end:
    line: 0
    column: 2
- token: Scalar
  start:
    line: 0
    column: 2
  end:
    line: 0
    column: 14
- token: Separator
  start:
    line: 0
    column: 14
  end:
    line: 0
    column: 15
- token: Comment
  start:
    line: 0
    column: 15
  end:
    line: 0
    column: 16
- token: CommentText
  start:
    line: 0
    column: 16
  end:
    line: 0
    column: 28
- token: Break
  start:
    line: 0
    column: 28
  end:
    line: 1
    column: 0
- token: Empty
  start:
    line: 1
    column: 0
  end:
    line: 1
    column: 0
- token: Indent
  start:
    line: 1
    column: 0
  end:
    line: 1
    column: 0
- token: MappingKey
  start:
    line: 1
    column: 0
  end:
    line: 1
    column: 1
- token: Separator
  start:
    line: 1
    column: 1
  end:
    line: 1
    column: 2
- token: Literal
  start:
    line: 1
    column: 2
  end:
    line: 1
    column: 3
- token: Break
  start:
    line: 1
    column: 3
  end:
    line: 2
    column: 0
- token: Indent
  start:
    line: 2
    column: 0
  end:
    line: 2
    column: 2
- token: Scalar
  start:
    line: 2
    column: 2
  end:
    line: 2
    column: 11
- token: ScalarBreak
  start:
    line: 2
    column: 11
  end:
    line: 3
    column: 0
- token: Indent
  start:
    line: 3
    column: 0
  end:
    line: 3
    column: 0
- token: MappingValue
  start:
    line: 3
    column: 0
  end:
    line: 3
    column: 1
- token: Indent
  start:
    line: 3
    column: 1
  end:
    line: 3
    column: 2
- token: SequenceEntry
  start:
    line: 3
    column: 2
  end:
    line: 3
    column: 3
- token: Separator
  start:
    line: 3
    column: 3
  end:
    line: 3
    column: 4
- token: Scalar
  start:
    line: 3
    column: 4
  end:
    line: 3
    column: 7
- token: Separator
  start:
    line: 3
    column: 7
  end:
    line: 3
    column: 8
- token: Comment
  start:
    line: 3
    column: 8
  end:
    line: 3
    column: 9
- token: CommentText
  start:
    line: 3
    column: 9
  end:
    line: 3
    column: 26
- token: Break
  start:
    line: 3
    column: 26
  end:
    line: 4
    column: 0
- token: Indent
  start:
    line: 4
    column: 0
  end:
    line: 4
    column: 2
- token: SequenceEntry
  start:
    line: 4
    column: 2
  end:
    line: 4
    column: 3
- token: Separator
  start:
    line: 4
    column: 3
  end:
    line: 4
    column: 4
- token: Scalar
  start:
    line: 4
    column: 4
  end:
    line: 4
    column: 7
- token: Separator
  start:
    line: 4
    column: 7
  end:
    line: 4
    column: 8
- token: Comment
  start:
    line: 4
    column: 8
  end:
    line: 4
    column: 9
- token: CommentText
  start:
    line: 4
    column: 9
  end:
    line: 4
    column: 21
- token: Break
  start:
    line: 4
    column: 21
  end:
    line: 5
    column: 0

