---
source: tests/suite/cases.gen.rs
expression: tokens
---
- token: Indent
  start:
    index: 0
    line: 0
    column: 0
  end:
    index: 0
    line: 0
    column: 0
- token: Scalar
  start:
    index: 0
    line: 0
    column: 0
  end:
    index: 1
    line: 0
    column: 1
- token: MappingValue
  start:
    index: 1
    line: 0
    column: 1
  end:
    index: 2
    line: 0
    column: 2
- token: Break
  start:
    index: 2
    line: 0
    column: 2
  end:
    index: 4
    line: 1
    column: 0
- token: Indent
  start:
    index: 4
    line: 1
    column: 0
  end:
    index: 6
    line: 1
    column: 2
- token: Scalar
  start:
    index: 6
    line: 1
    column: 2
  end:
    index: 7
    line: 1
    column: 3
- token: MappingValue
  start:
    index: 7
    line: 1
    column: 3
  end:
    index: 8
    line: 1
    column: 4
- token: Break
  start:
    index: 8
    line: 1
    column: 4
  end:
    index: 10
    line: 2
    column: 0
- token: Indent
  start:
    index: 10
    line: 2
    column: 0
  end:
    index: 14
    line: 2
    column: 4
- token: Scalar
  start:
    index: 14
    line: 2
    column: 4
  end:
    index: 15
    line: 2
    column: 5
- token: MappingValue
  start:
    index: 15
    line: 2
    column: 5
  end:
    index: 16
    line: 2
    column: 6
- token: Separator
  start:
    index: 16
    line: 2
    column: 6
  end:
    index: 17
    line: 2
    column: 7
- token: Scalar
  start:
    index: 17
    line: 2
    column: 7
  end:
    index: 18
    line: 2
    column: 8
- token: Break
  start:
    index: 18
    line: 2
    column: 8
  end:
    index: 20
    line: 3
    column: 0
- token: Indent
  start:
    index: 20
    line: 3
    column: 0
  end:
    index: 22
    line: 3
    column: 2
- token: Scalar
  start:
    index: 22
    line: 3
    column: 2
  end:
    index: 23
    line: 3
    column: 3
- token: MappingValue
  start:
    index: 23
    line: 3
    column: 3
  end:
    index: 24
    line: 3
    column: 4
- token: Break
  start:
    index: 24
    line: 3
    column: 4
  end:
    index: 26
    line: 4
    column: 0
- token: Indent
  start:
    index: 26
    line: 4
    column: 0
  end:
    index: 30
    line: 4
    column: 4
- token: Scalar
  start:
    index: 30
    line: 4
    column: 4
  end:
    index: 31
    line: 4
    column: 5
- token: MappingValue
  start:
    index: 31
    line: 4
    column: 5
  end:
    index: 32
    line: 4
    column: 6
- token: Separator
  start:
    index: 32
    line: 4
    column: 6
  end:
    index: 33
    line: 4
    column: 7
- token: Scalar
  start:
    index: 33
    line: 4
    column: 7
  end:
    index: 34
    line: 4
    column: 8
- token: Break
  start:
    index: 34
    line: 4
    column: 8
  end:
    index: 36
    line: 5
    column: 0
- token: Indent
  start:
    index: 36
    line: 5
    column: 0
  end:
    index: 36
    line: 5
    column: 0
- token: Scalar
  start:
    index: 36
    line: 5
    column: 0
  end:
    index: 37
    line: 5
    column: 1
- token: MappingValue
  start:
    index: 37
    line: 5
    column: 1
  end:
    index: 38
    line: 5
    column: 2
- token: Separator
  start:
    index: 38
    line: 5
    column: 2
  end:
    index: 39
    line: 5
    column: 3
- token: Scalar
  start:
    index: 39
    line: 5
    column: 3
  end:
    index: 40
    line: 5
    column: 4
- token: Break
  start:
    index: 40
    line: 5
    column: 4
  end:
    index: 42
    line: 6
    column: 0

