---
source: tests/suite/cases.gen.rs
expression: tokens
---
- token: DirectivesEnd
  start:
    index: 0
    line: 0
    column: 0
  end:
    index: 3
    line: 0
    column: 3
- token: Break
  start:
    index: 3
    line: 0
    column: 3
  end:
    index: 5
    line: 1
    column: 0
- token: Indent
  start:
    index: 5
    line: 1
    column: 0
  end:
    index: 5
    line: 1
    column: 0
- token: DoubleQuote
  start:
    index: 5
    line: 1
    column: 0
  end:
    index: 6
    line: 1
    column: 1
- token: ScalarSpace
  start:
    index: 6
    line: 1
    column: 1
  end:
    index: 8
    line: 2
    column: 0
- token: Indent
  start:
    index: 8
    line: 2
    column: 0
  end:
    index: 8
    line: 2
    column: 0
- token: Separator
  start:
    index: 8
    line: 2
    column: 0
  end:
    index: 10
    line: 2
    column: 2
- token: DoubleQuoted
  start:
    index: 10
    line: 2
    column: 2
  end:
    index: 13
    line: 2
    column: 5
- token: Separator
  start:
    index: 13
    line: 2
    column: 5
  end:
    index: 14
    line: 2
    column: 6
- token: Break
  start:
    index: 14
    line: 2
    column: 6
  end:
    index: 16
    line: 3
    column: 0
- token: Indent
  start:
    index: 16
    line: 3
    column: 0
  end:
    index: 16
    line: 3
    column: 0
- token: Separator
  start:
    index: 16
    line: 3
    column: 0
  end:
    index: 17
    line: 3
    column: 1
- token: ScalarBreak
  start:
    index: 17
    line: 3
    column: 1
  end:
    index: 19
    line: 4
    column: 0
- token: Indent
  start:
    index: 19
    line: 4
    column: 0
  end:
    index: 19
    line: 4
    column: 0
- token: Separator
  start:
    index: 19
    line: 4
    column: 0
  end:
    index: 23
    line: 4
    column: 4
- token: DoubleQuoted
  start:
    index: 23
    line: 4
    column: 4
  end:
    index: 26
    line: 4
    column: 7
- token: Break
  start:
    index: 26
    line: 4
    column: 7
  end:
    index: 28
    line: 5
    column: 0
- token: Indent
  start:
    index: 28
    line: 5
    column: 0
  end:
    index: 28
    line: 5
    column: 0
- token: ScalarBreak
  start:
    index: 28
    line: 5
    column: 0
  end:
    index: 30
    line: 6
    column: 0
- token: Indent
  start:
    index: 30
    line: 6
    column: 0
  end:
    index: 30
    line: 6
    column: 0
- token: Separator
  start:
    index: 30
    line: 6
    column: 0
  end:
    index: 32
    line: 6
    column: 2
- token: DoubleQuoted
  start:
    index: 32
    line: 6
    column: 2
  end:
    index: 35
    line: 6
    column: 5
- token: ScalarSpace
  start:
    index: 35
    line: 6
    column: 5
  end:
    index: 37
    line: 7
    column: 0
- token: Indent
  start:
    index: 37
    line: 7
    column: 0
  end:
    index: 37
    line: 7
    column: 0
- token: DoubleQuoted
  start:
    index: 37
    line: 7
    column: 0
  end:
    index: 37
    line: 7
    column: 0
- token: DoubleQuote
  start:
    index: 37
    line: 7
    column: 0
  end:
    index: 38
    line: 7
    column: 1
- token: Break
  start:
    index: 38
    line: 7
    column: 1
  end:
    index: 40
    line: 8
    column: 0

