---
source: tests/suite/cases.gen.rs
expression: tokens
---
- token: DirectivesEnd
  start:
    index: 0
    line: 0
    column: 0
  end:
    index: 3
    line: 0
    column: 3
- token: Separator
  start:
    index: 3
    line: 0
    column: 3
  end:
    index: 4
    line: 0
    column: 4
- token: TagHandle
  start:
    index: 4
    line: 0
    column: 4
  end:
    index: 6
    line: 0
    column: 6
- token: TagSuffix
  start:
    index: 6
    line: 0
    column: 6
  end:
    index: 9
    line: 0
    column: 9
- token: Break
  start:
    index: 9
    line: 0
    column: 9
  end:
    index: 11
    line: 1
    column: 0
- token: Indent
  start:
    index: 11
    line: 1
    column: 0
  end:
    index: 11
    line: 1
    column: 0
- token: MappingKey
  start:
    index: 11
    line: 1
    column: 0
  end:
    index: 12
    line: 1
    column: 1
- token: Separator
  start:
    index: 12
    line: 1
    column: 1
  end:
    index: 13
    line: 1
    column: 2
- token: Scalar
  start:
    index: 13
    line: 1
    column: 2
  end:
    index: 14
    line: 1
    column: 3
- token: Break
  start:
    index: 14
    line: 1
    column: 3
  end:
    index: 16
    line: 2
    column: 0
- token: Indent
  start:
    index: 16
    line: 2
    column: 0
  end:
    index: 16
    line: 2
    column: 0
- token: MappingValue
  start:
    index: 16
    line: 2
    column: 0
  end:
    index: 17
    line: 2
    column: 1
- token: Separator
  start:
    index: 17
    line: 2
    column: 1
  end:
    index: 18
    line: 2
    column: 2
- token: Scalar
  start:
    index: 18
    line: 2
    column: 2
  end:
    index: 19
    line: 2
    column: 3
- token: Break
  start:
    index: 19
    line: 2
    column: 3
  end:
    index: 21
    line: 3
    column: 0
- token: DirectivesEnd
  start:
    index: 21
    line: 3
    column: 0
  end:
    index: 24
    line: 3
    column: 3
- token: Separator
  start:
    index: 24
    line: 3
    column: 3
  end:
    index: 25
    line: 3
    column: 4
- token: TagHandle
  start:
    index: 25
    line: 3
    column: 4
  end:
    index: 27
    line: 3
    column: 6
- token: TagSuffix
  start:
    index: 27
    line: 3
    column: 6
  end:
    index: 30
    line: 3
    column: 9
- token: Break
  start:
    index: 30
    line: 3
    column: 9
  end:
    index: 32
    line: 4
    column: 0
- token: Indent
  start:
    index: 32
    line: 4
    column: 0
  end:
    index: 32
    line: 4
    column: 0
- token: SequenceEntry
  start:
    index: 32
    line: 4
    column: 0
  end:
    index: 33
    line: 4
    column: 1
- token: Separator
  start:
    index: 33
    line: 4
    column: 1
  end:
    index: 34
    line: 4
    column: 2
- token: TagHandle
  start:
    index: 34
    line: 4
    column: 2
  end:
    index: 36
    line: 4
    column: 4
- token: TagSuffix
  start:
    index: 36
    line: 4
    column: 4
  end:
    index: 39
    line: 4
    column: 7
- token: Separator
  start:
    index: 39
    line: 4
    column: 7
  end:
    index: 40
    line: 4
    column: 8
- token: Scalar
  start:
    index: 40
    line: 4
    column: 8
  end:
    index: 41
    line: 4
    column: 9
- token: Break
  start:
    index: 41
    line: 4
    column: 9
  end:
    index: 43
    line: 5
    column: 0
- token: DirectivesEnd
  start:
    index: 43
    line: 5
    column: 0
  end:
    index: 46
    line: 5
    column: 3
- token: Separator
  start:
    index: 46
    line: 5
    column: 3
  end:
    index: 47
    line: 5
    column: 4
- token: TagHandle
  start:
    index: 47
    line: 5
    column: 4
  end:
    index: 49
    line: 5
    column: 6
- token: TagSuffix
  start:
    index: 49
    line: 5
    column: 6
  end:
    index: 52
    line: 5
    column: 9
- token: Break
  start:
    index: 52
    line: 5
    column: 9
  end:
    index: 54
    line: 6
    column: 0
- token: Indent
  start:
    index: 54
    line: 6
    column: 0
  end:
    index: 54
    line: 6
    column: 0
- token: Scalar
  start:
    index: 54
    line: 6
    column: 0
  end:
    index: 55
    line: 6
    column: 1
- token: ScalarSpace
  start:
    index: 55
    line: 6
    column: 1
  end:
    index: 57
    line: 7
    column: 0
- token: Indent
  start:
    index: 57
    line: 7
    column: 0
  end:
    index: 57
    line: 7
    column: 0
- token: Scalar
  start:
    index: 57
    line: 7
    column: 0
  end:
    index: 58
    line: 7
    column: 1
- token: Break
  start:
    index: 58
    line: 7
    column: 1
  end:
    index: 60
    line: 8
    column: 0

