---
source: tests/suite/cases.gen.rs
expression: tokens
---
- token: Directive
  start:
    line: 0
    column: 0
  end:
    line: 0
    column: 1
- token: DirectiveName
  start:
    line: 0
    column: 1
  end:
    line: 0
    column: 5
- token: Separator
  start:
    line: 0
    column: 5
  end:
    line: 0
    column: 6
- token: YamlVersion
  start:
    line: 0
    column: 6
  end:
    line: 0
    column: 9
- token: Separator
  start:
    line: 0
    column: 9
  end:
    line: 0
    column: 11
- token: Comment
  start:
    line: 0
    column: 11
  end:
    line: 0
    column: 12
- token: CommentText
  start:
    line: 0
    column: 12
  end:
    line: 0
    column: 20
- token: Break
  start:
    line: 0
    column: 20
  end:
    line: 1
    column: 0
- token: DirectivesEnd
  start:
    line: 1
    column: 0
  end:
    line: 1
    column: 3
- token: Empty
  start:
    line: 1
    column: 3
  end:
    line: 1
    column: 3
- token: Break
  start:
    line: 1
    column: 3
  end:
    line: 2
    column: 0

