---
source: tests/suite/cases.gen.rs
expression: tokens
---
- token: DirectivesEnd
  start:
    line: 0
    column: 0
  end:
    line: 0
    column: 3
- token: Break
  start:
    line: 0
    column: 3
  end:
    line: 1
    column: 0
- token: Indent
  start:
    line: 1
    column: 0
  end:
    line: 1
    column: 0
- token: MappingStart
  start:
    line: 1
    column: 0
  end:
    line: 1
    column: 1
- token: Separator
  start:
    line: 1
    column: 1
  end:
    line: 1
    column: 2
- token: Scalar
  start:
    line: 1
    column: 2
  end:
    line: 1
    column: 6
- token: MappingValue
  start:
    line: 1
    column: 6
  end:
    line: 1
    column: 7
- token: Separator
  start:
    line: 1
    column: 7
  end:
    line: 1
    column: 8
- token: SequenceStart
  start:
    line: 1
    column: 8
  end:
    line: 1
    column: 9
- token: Scalar
  start:
    line: 1
    column: 9
  end:
    line: 1
    column: 14
- token: CollectionEntry
  start:
    line: 1
    column: 14
  end:
    line: 1
    column: 15
- token: Separator
  start:
    line: 1
    column: 15
  end:
    line: 1
    column: 16
- token: MappingStart
  start:
    line: 1
    column: 16
  end:
    line: 1
    column: 17
- token: Scalar
  start:
    line: 1
    column: 17
  end:
    line: 1
    column: 21
- token: MappingValue
  start:
    line: 1
    column: 21
  end:
    line: 1
    column: 22
- token: Separator
  start:
    line: 1
    column: 22
  end:
    line: 1
    column: 23
- token: Scalar
  start:
    line: 1
    column: 23
  end:
    line: 1
    column: 29
- token: MappingEnd
  start:
    line: 1
    column: 29
  end:
    line: 1
    column: 30
- token: CollectionEntry
  start:
    line: 1
    column: 30
  end:
    line: 1
    column: 31
- token: Separator
  start:
    line: 1
    column: 31
  end:
    line: 1
    column: 32
- token: Scalar
  start:
    line: 1
    column: 32
  end:
    line: 1
    column: 37
- token: SequenceEnd
  start:
    line: 1
    column: 37
  end:
    line: 1
    column: 38
- token: CollectionEntry
  start:
    line: 1
    column: 38
  end:
    line: 1
    column: 39
- token: Separator
  start:
    line: 1
    column: 39
  end:
    line: 1
    column: 40
- token: Scalar
  start:
    line: 1
    column: 40
  end:
    line: 1
    column: 44
- token: MappingValue
  start:
    line: 1
    column: 44
  end:
    line: 1
    column: 45
- token: Separator
  start:
    line: 1
    column: 45
  end:
    line: 1
    column: 46
- token: Scalar
  start:
    line: 1
    column: 46
  end:
    line: 1
    column: 52
- token: Separator
  start:
    line: 1
    column: 52
  end:
    line: 1
    column: 53
- token: MappingEnd
  start:
    line: 1
    column: 53
  end:
    line: 1
    column: 54
- token: Break
  start:
    line: 1
    column: 54
  end:
    line: 2
    column: 0

