---
source: tests/suite/cases.gen.rs
expression: tokens
---
- token: Indent
  start:
    line: 0
    column: 0
  end:
    line: 0
    column: 0
- token: TagHandle
  start:
    line: 0
    column: 0
  end:
    line: 0
    column: 2
- token: TagSuffix
  start:
    line: 0
    column: 2
  end:
    line: 0
    column: 5
- token: Separator
  start:
    line: 0
    column: 5
  end:
    line: 0
    column: 6
- token: Anchor
  start:
    line: 0
    column: 6
  end:
    line: 0
    column: 7
- token: AnchorName
  start:
    line: 0
    column: 7
  end:
    line: 0
    column: 9
- token: Separator
  start:
    line: 0
    column: 9
  end:
    line: 0
    column: 10
- token: DoubleQuote
  start:
    line: 0
    column: 10
  end:
    line: 0
    column: 11
- token: DoubleQuoted
  start:
    line: 0
    column: 11
  end:
    line: 0
    column: 14
- token: DoubleQuote
  start:
    line: 0
    column: 14
  end:
    line: 0
    column: 15
- token: MappingValue
  start:
    line: 0
    column: 15
  end:
    line: 0
    column: 16
- token: Break
  start:
    line: 0
    column: 16
  end:
    line: 1
    column: 0
- token: Indent
  start:
    line: 1
    column: 0
  end:
    line: 1
    column: 1
- token: Separator
  start:
    line: 1
    column: 1
  end:
    line: 1
    column: 2
- token: TagHandle
  start:
    line: 1
    column: 2
  end:
    line: 1
    column: 4
- token: TagSuffix
  start:
    line: 1
    column: 4
  end:
    line: 1
    column: 7
- token: Separator
  start:
    line: 1
    column: 7
  end:
    line: 1
    column: 8
- token: Scalar
  start:
    line: 1
    column: 8
  end:
    line: 1
    column: 11
- token: Break
  start:
    line: 1
    column: 11
  end:
    line: 2
    column: 0
- token: Indent
  start:
    line: 2
    column: 0
  end:
    line: 2
    column: 0
- token: Anchor
  start:
    line: 2
    column: 0
  end:
    line: 2
    column: 1
- token: AnchorName
  start:
    line: 2
    column: 1
  end:
    line: 2
    column: 3
- token: Separator
  start:
    line: 2
    column: 3
  end:
    line: 2
    column: 4
- token: Scalar
  start:
    line: 2
    column: 4
  end:
    line: 2
    column: 7
- token: Separator
  start:
    line: 2
    column: 7
  end:
    line: 2
    column: 8
- token: MappingValue
  start:
    line: 2
    column: 8
  end:
    line: 2
    column: 9
- token: Separator
  start:
    line: 2
    column: 9
  end:
    line: 2
    column: 10
- token: Alias
  start:
    line: 2
    column: 10
  end:
    line: 2
    column: 11
- token: AnchorName
  start:
    line: 2
    column: 11
  end:
    line: 2
    column: 13
- token: Break
  start:
    line: 2
    column: 13
  end:
    line: 3
    column: 0

