---
source: tests/suite/cases.gen.rs
expression: tokens
---
- token: Indent
  start:
    index: 0
    line: 0
    column: 0
  end:
    index: 0
    line: 0
    column: 0
- token: Scalar
  start:
    index: 0
    line: 0
    column: 0
  end:
    index: 8
    line: 0
    column: 8
- token: MappingValue
  start:
    index: 8
    line: 0
    column: 8
  end:
    index: 9
    line: 0
    column: 9
- token: Separator
  start:
    index: 9
    line: 0
    column: 9
  end:
    index: 10
    line: 0
    column: 10
- token: TagHandle
  start:
    index: 10
    line: 0
    column: 10
  end:
    index: 12
    line: 0
    column: 12
- token: TagSuffix
  start:
    index: 12
    line: 0
    column: 12
  end:
    index: 15
    line: 0
    column: 15
- token: Break
  start:
    index: 15
    line: 0
    column: 15
  end:
    index: 17
    line: 1
    column: 0
- token: Indent
  start:
    index: 17
    line: 1
    column: 0
  end:
    index: 17
    line: 1
    column: 0
- token: SequenceEntry
  start:
    index: 17
    line: 1
    column: 0
  end:
    index: 18
    line: 1
    column: 1
- token: Separator
  start:
    index: 18
    line: 1
    column: 1
  end:
    index: 19
    line: 1
    column: 2
- token: Scalar
  start:
    index: 19
    line: 1
    column: 2
  end:
    index: 24
    line: 1
    column: 7
- token: Break
  start:
    index: 24
    line: 1
    column: 7
  end:
    index: 26
    line: 2
    column: 0
- token: Indent
  start:
    index: 26
    line: 2
    column: 0
  end:
    index: 26
    line: 2
    column: 0
- token: SequenceEntry
  start:
    index: 26
    line: 2
    column: 0
  end:
    index: 27
    line: 2
    column: 1
- token: Separator
  start:
    index: 27
    line: 2
    column: 1
  end:
    index: 28
    line: 2
    column: 2
- token: TagHandle
  start:
    index: 28
    line: 2
    column: 2
  end:
    index: 30
    line: 2
    column: 4
- token: TagSuffix
  start:
    index: 30
    line: 2
    column: 4
  end:
    index: 33
    line: 2
    column: 7
- token: Break
  start:
    index: 33
    line: 2
    column: 7
  end:
    index: 35
    line: 3
    column: 0
- token: Indent
  start:
    index: 35
    line: 3
    column: 0
  end:
    index: 36
    line: 3
    column: 1
- token: SequenceEntry
  start:
    index: 36
    line: 3
    column: 1
  end:
    index: 37
    line: 3
    column: 2
- token: Separator
  start:
    index: 37
    line: 3
    column: 2
  end:
    index: 38
    line: 3
    column: 3
- token: Scalar
  start:
    index: 38
    line: 3
    column: 3
  end:
    index: 44
    line: 3
    column: 9
- token: Break
  start:
    index: 44
    line: 3
    column: 9
  end:
    index: 46
    line: 4
    column: 0
- token: Indent
  start:
    index: 46
    line: 4
    column: 0
  end:
    index: 46
    line: 4
    column: 0
- token: Scalar
  start:
    index: 46
    line: 4
    column: 0
  end:
    index: 53
    line: 4
    column: 7
- token: MappingValue
  start:
    index: 53
    line: 4
    column: 7
  end:
    index: 54
    line: 4
    column: 8
- token: Separator
  start:
    index: 54
    line: 4
    column: 8
  end:
    index: 55
    line: 4
    column: 9
- token: TagHandle
  start:
    index: 55
    line: 4
    column: 9
  end:
    index: 57
    line: 4
    column: 11
- token: TagSuffix
  start:
    index: 57
    line: 4
    column: 11
  end:
    index: 60
    line: 4
    column: 14
- token: Break
  start:
    index: 60
    line: 4
    column: 14
  end:
    index: 62
    line: 5
    column: 0
- token: Indent
  start:
    index: 62
    line: 5
    column: 0
  end:
    index: 63
    line: 5
    column: 1
- token: Scalar
  start:
    index: 63
    line: 5
    column: 1
  end:
    index: 66
    line: 5
    column: 4
- token: MappingValue
  start:
    index: 66
    line: 5
    column: 4
  end:
    index: 67
    line: 5
    column: 5
- token: Separator
  start:
    index: 67
    line: 5
    column: 5
  end:
    index: 68
    line: 5
    column: 6
- token: Scalar
  start:
    index: 68
    line: 5
    column: 6
  end:
    index: 71
    line: 5
    column: 9
- token: Break
  start:
    index: 71
    line: 5
    column: 9
  end:
    index: 73
    line: 6
    column: 0

