---
source: tests/suite/cases.gen.rs
expression: tokens
---
- token: DirectivesEnd
  start:
    index: 0
    line: 0
    column: 0
  end:
    index: 3
    line: 0
    column: 3
- token: Break
  start:
    index: 3
    line: 0
    column: 3
  end:
    index: 5
    line: 1
    column: 0
- token: Indent
  start:
    index: 5
    line: 1
    column: 0
  end:
    index: 5
    line: 1
    column: 0
- token: Scalar
  start:
    index: 5
    line: 1
    column: 0
  end:
    index: 10
    line: 1
    column: 5
- token: MappingValue
  start:
    index: 10
    line: 1
    column: 5
  end:
    index: 11
    line: 1
    column: 6
- token: Separator
  start:
    index: 11
    line: 1
    column: 6
  end:
    index: 12
    line: 1
    column: 7
- token: Scalar
  start:
    index: 12
    line: 1
    column: 7
  end:
    index: 13
    line: 1
    column: 8
- token: ScalarSpace
  start:
    index: 13
    line: 1
    column: 8
  end:
    index: 15
    line: 2
    column: 0
- token: Indent
  start:
    index: 15
    line: 2
    column: 0
  end:
    index: 16
    line: 2
    column: 1
- token: Scalar
  start:
    index: 16
    line: 2
    column: 1
  end:
    index: 17
    line: 2
    column: 2
- token: Break
  start:
    index: 17
    line: 2
    column: 2
  end:
    index: 19
    line: 3
    column: 0
- token: Indent
  start:
    index: 19
    line: 3
    column: 0
  end:
    index: 19
    line: 3
    column: 0
- token: ScalarBreak
  start:
    index: 19
    line: 3
    column: 0
  end:
    index: 21
    line: 4
    column: 0
- token: Indent
  start:
    index: 21
    line: 4
    column: 0
  end:
    index: 22
    line: 4
    column: 1
- token: Scalar
  start:
    index: 22
    line: 4
    column: 1
  end:
    index: 23
    line: 4
    column: 2
- token: Break
  start:
    index: 23
    line: 4
    column: 2
  end:
    index: 25
    line: 5
    column: 0

