---
source: tests/suite/cases.gen.rs
expression: tokens
---
- token: Indent
  start:
    line: 0
    column: 0
  end:
    line: 0
    column: 0
- token: MappingStart
  start:
    line: 0
    column: 0
  end:
    line: 0
    column: 1
- token: Separator
  start:
    line: 0
    column: 1
  end:
    line: 0
    column: 2
- token: Scalar
  start:
    line: 0
    column: 2
  end:
    line: 0
    column: 7
- token: MappingValue
  start:
    line: 0
    column: 7
  end:
    line: 0
    column: 8
- token: Separator
  start:
    line: 0
    column: 8
  end:
    line: 0
    column: 9
- token: Scalar
  start:
    line: 0
    column: 9
  end:
    line: 0
    column: 14
- token: CollectionEntry
  start:
    line: 0
    column: 14
  end:
    line: 0
    column: 15
- token: Separator
  start:
    line: 0
    column: 15
  end:
    line: 0
    column: 16
- token: Scalar
  start:
    line: 0
    column: 16
  end:
    line: 0
    column: 20
- token: MappingValue
  start:
    line: 0
    column: 20
  end:
    line: 0
    column: 21
- token: Separator
  start:
    line: 0
    column: 21
  end:
    line: 0
    column: 22
- token: Scalar
  start:
    line: 0
    column: 22
  end:
    line: 0
    column: 26
- token: Separator
  start:
    line: 0
    column: 26
  end:
    line: 0
    column: 27
- token: MappingEnd
  start:
    line: 0
    column: 27
  end:
    line: 0
    column: 28
- token: MappingValue
  start:
    line: 0
    column: 28
  end:
    line: 0
    column: 29
- token: Break
  start:
    line: 0
    column: 29
  end:
    line: 1
    column: 0
- token: Comment
  start:
    line: 1
    column: 0
  end:
    line: 1
    column: 1
- token: CommentText
  start:
    line: 1
    column: 1
  end:
    line: 1
    column: 13
- token: Break
  start:
    line: 1
    column: 13
  end:
    line: 2
    column: 0
- token: Indent
  start:
    line: 2
    column: 0
  end:
    line: 2
    column: 2
- token: Scalar
  start:
    line: 2
    column: 2
  end:
    line: 2
    column: 4
- token: MappingValue
  start:
    line: 2
    column: 4
  end:
    line: 2
    column: 5
- token: Separator
  start:
    line: 2
    column: 5
  end:
    line: 2
    column: 7
- token: Comment
  start:
    line: 2
    column: 7
  end:
    line: 2
    column: 8
- token: CommentText
  start:
    line: 2
    column: 8
  end:
    line: 2
    column: 18
- token: Break
  start:
    line: 2
    column: 18
  end:
    line: 3
    column: 0
- token: Indent
  start:
    line: 3
    column: 0
  end:
    line: 3
    column: 3
- token: Separator
  start:
    line: 3
    column: 3
  end:
    line: 3
    column: 5
- token: Scalar
  start:
    line: 3
    column: 5
  end:
    line: 3
    column: 7
- token: Break
  start:
    line: 3
    column: 7
  end:
    line: 4
    column: 0
- token: Indent
  start:
    line: 4
    column: 0
  end:
    line: 4
    column: 2
- token: Scalar
  start:
    line: 4
    column: 2
  end:
    line: 4
    column: 5
- token: MappingValue
  start:
    line: 4
    column: 5
  end:
    line: 4
    column: 6
- token: Separator
  start:
    line: 4
    column: 6
  end:
    line: 4
    column: 7
- token: Comment
  start:
    line: 4
    column: 7
  end:
    line: 4
    column: 8
- token: CommentText
  start:
    line: 4
    column: 8
  end:
    line: 4
    column: 16
- token: Break
  start:
    line: 4
    column: 16
  end:
    line: 5
    column: 0
- token: Indent
  start:
    line: 5
    column: 0
  end:
    line: 5
    column: 3
- token: Scalar
  start:
    line: 5
    column: 3
  end:
    line: 5
    column: 8
- token: Break
  start:
    line: 5
    column: 8
  end:
    line: 6
    column: 0

