---
source: tests/suite/cases.gen.rs
expression: tokens
---
- token: Directive
  start:
    index: 0
    line: 0
    column: 0
  end:
    index: 1
    line: 0
    column: 1
- token: DirectiveName
  start:
    index: 1
    line: 0
    column: 1
  end:
    index: 5
    line: 0
    column: 5
- token: Separator
  start:
    index: 5
    line: 0
    column: 5
  end:
    index: 6
    line: 0
    column: 6
- token: YamlVersion
  start:
    index: 6
    line: 0
    column: 6
  end:
    index: 9
    line: 0
    column: 9
- token: Break
  start:
    index: 9
    line: 0
    column: 9
  end:
    index: 11
    line: 1
    column: 0
- token: DirectivesEnd
  start:
    index: 11
    line: 1
    column: 0
  end:
    index: 14
    line: 1
    column: 3
- token: Separator
  start:
    index: 14
    line: 1
    column: 3
  end:
    index: 15
    line: 1
    column: 4
- token: Literal
  start:
    index: 15
    line: 1
    column: 4
  end:
    index: 16
    line: 1
    column: 5
- token: Break
  start:
    index: 16
    line: 1
    column: 5
  end:
    index: 18
    line: 2
    column: 0
- token: Indent
  start:
    index: 18
    line: 2
    column: 0
  end:
    index: 18
    line: 2
    column: 0
- token: Scalar
  start:
    index: 18
    line: 2
    column: 0
  end:
    index: 32
    line: 2
    column: 14
- token: ScalarBreak
  start:
    index: 32
    line: 2
    column: 14
  end:
    index: 34
    line: 3
    column: 0
- token: DocumentEnd
  start:
    index: 34
    line: 3
    column: 0
  end:
    index: 37
    line: 3
    column: 3
- token: Break
  start:
    index: 37
    line: 3
    column: 3
  end:
    index: 39
    line: 4
    column: 0
- token: Directive
  start:
    index: 39
    line: 4
    column: 0
  end:
    index: 40
    line: 4
    column: 1
- token: DirectiveName
  start:
    index: 40
    line: 4
    column: 1
  end:
    index: 44
    line: 4
    column: 5
- token: Separator
  start:
    index: 44
    line: 4
    column: 5
  end:
    index: 45
    line: 4
    column: 6
- token: YamlVersion
  start:
    index: 45
    line: 4
    column: 6
  end:
    index: 48
    line: 4
    column: 9
- token: Break
  start:
    index: 48
    line: 4
    column: 9
  end:
    index: 50
    line: 5
    column: 0
- token: DirectivesEnd
  start:
    index: 50
    line: 5
    column: 0
  end:
    index: 53
    line: 5
    column: 3
- token: Empty
  start:
    index: 53
    line: 5
    column: 3
  end:
    index: 53
    line: 5
    column: 3
- token: Break
  start:
    index: 53
    line: 5
    column: 3
  end:
    index: 55
    line: 6
    column: 0
- token: Comment
  start:
    index: 55
    line: 6
    column: 0
  end:
    index: 56
    line: 6
    column: 1
- token: CommentText
  start:
    index: 56
    line: 6
    column: 1
  end:
    index: 62
    line: 6
    column: 7
- token: Break
  start:
    index: 62
    line: 6
    column: 7
  end:
    index: 64
    line: 7
    column: 0
- token: DocumentEnd
  start:
    index: 64
    line: 7
    column: 0
  end:
    index: 67
    line: 7
    column: 3
- token: Break
  start:
    index: 67
    line: 7
    column: 3
  end:
    index: 69
    line: 8
    column: 0

