---
source: tests/suite/cases.gen.rs
expression: tokens
---
- token: DirectivesEnd
  start:
    line: 0
    column: 0
  end:
    line: 0
    column: 3
- token: Break
  start:
    line: 0
    column: 3
  end:
    line: 1
    column: 0
- token: Indent
  start:
    line: 1
    column: 0
  end:
    line: 1
    column: 0
- token: Scalar
  start:
    line: 1
    column: 0
  end:
    line: 1
    column: 3
- token: MappingValue
  start:
    line: 1
    column: 3
  end:
    line: 1
    column: 4
- token: Separator
  start:
    line: 1
    column: 4
  end:
    line: 1
    column: 5
- token: Scalar
  start:
    line: 1
    column: 5
  end:
    line: 1
    column: 10
- token: Break
  start:
    line: 1
    column: 10
  end:
    line: 2
    column: 0
- token: Indent
  start:
    line: 2
    column: 0
  end:
    line: 2
    column: 0
- token: Empty
  start:
    line: 2
    column: 0
  end:
    line: 2
    column: 0
- token: MappingValue
  start:
    line: 2
    column: 0
  end:
    line: 2
    column: 1
- token: Separator
  start:
    line: 2
    column: 1
  end:
    line: 2
    column: 2
- token: Scalar
  start:
    line: 2
    column: 2
  end:
    line: 2
    column: 11
- token: Break
  start:
    line: 2
    column: 11
  end:
    line: 3
    column: 0
- token: DirectivesEnd
  start:
    line: 3
    column: 0
  end:
    line: 3
    column: 3
- token: Break
  start:
    line: 3
    column: 3
  end:
    line: 4
    column: 0
- token: Indent
  start:
    line: 4
    column: 0
  end:
    line: 4
    column: 0
- token: MappingStart
  start:
    line: 4
    column: 0
  end:
    line: 4
    column: 1
- token: Break
  start:
    line: 4
    column: 1
  end:
    line: 5
    column: 0
- token: Indent
  start:
    line: 5
    column: 0
  end:
    line: 5
    column: 0
- token: Separator
  start:
    line: 5
    column: 0
  end:
    line: 5
    column: 1
- token: Scalar
  start:
    line: 5
    column: 1
  end:
    line: 5
    column: 4
- token: MappingValue
  start:
    line: 5
    column: 4
  end:
    line: 5
    column: 5
- token: Separator
  start:
    line: 5
    column: 5
  end:
    line: 5
    column: 6
- token: Scalar
  start:
    line: 5
    column: 6
  end:
    line: 5
    column: 11
- token: CollectionEntry
  start:
    line: 5
    column: 11
  end:
    line: 5
    column: 12
- token: Separator
  start:
    line: 5
    column: 12
  end:
    line: 5
    column: 13
- token: Empty
  start:
    line: 5
    column: 13
  end:
    line: 5
    column: 13
- token: MappingValue
  start:
    line: 5
    column: 13
  end:
    line: 5
    column: 14
- token: Separator
  start:
    line: 5
    column: 14
  end:
    line: 5
    column: 15
- token: Scalar
  start:
    line: 5
    column: 15
  end:
    line: 5
    column: 24
- token: Break
  start:
    line: 5
    column: 24
  end:
    line: 6
    column: 0
- token: Indent
  start:
    line: 6
    column: 0
  end:
    line: 6
    column: 0
- token: MappingEnd
  start:
    line: 6
    column: 0
  end:
    line: 6
    column: 1
- token: Break
  start:
    line: 6
    column: 1
  end:
    line: 7
    column: 0
- token: DirectivesEnd
  start:
    line: 7
    column: 0
  end:
    line: 7
    column: 3
- token: Break
  start:
    line: 7
    column: 3
  end:
    line: 8
    column: 0
- token: Comment
  start:
    line: 8
    column: 0
  end:
    line: 8
    column: 1
- token: CommentText
  start:
    line: 8
    column: 1
  end:
    line: 8
    column: 21
- token: Break
  start:
    line: 8
    column: 21
  end:
    line: 9
    column: 0
- token: Indent
  start:
    line: 9
    column: 0
  end:
    line: 9
    column: 0
- token: Empty
  start:
    line: 9
    column: 0
  end:
    line: 9
    column: 0
- token: MappingValue
  start:
    line: 9
    column: 0
  end:
    line: 9
    column: 1
- token: Empty
  start:
    line: 9
    column: 1
  end:
    line: 9
    column: 1
- token: Break
  start:
    line: 9
    column: 1
  end:
    line: 10
    column: 0
- token: DirectivesEnd
  start:
    line: 10
    column: 0
  end:
    line: 10
    column: 3
- token: Break
  start:
    line: 10
    column: 3
  end:
    line: 11
    column: 0
- token: Comment
  start:
    line: 11
    column: 0
  end:
    line: 11
    column: 1
- token: CommentText
  start:
    line: 11
    column: 1
  end:
    line: 11
    column: 21
- token: Break
  start:
    line: 11
    column: 21
  end:
    line: 12
    column: 0
- token: Indent
  start:
    line: 12
    column: 0
  end:
    line: 12
    column: 0
- token: MappingStart
  start:
    line: 12
    column: 0
  end:
    line: 12
    column: 1
- token: Separator
  start:
    line: 12
    column: 1
  end:
    line: 12
    column: 2
- token: Empty
  start:
    line: 12
    column: 2
  end:
    line: 12
    column: 2
- token: MappingValue
  start:
    line: 12
    column: 2
  end:
    line: 12
    column: 3
- token: Empty
  start:
    line: 12
    column: 3
  end:
    line: 12
    column: 3
- token: Separator
  start:
    line: 12
    column: 3
  end:
    line: 12
    column: 4
- token: MappingEnd
  start:
    line: 12
    column: 4
  end:
    line: 12
    column: 5
- token: Break
  start:
    line: 12
    column: 5
  end:
    line: 13
    column: 0

