---
source: tests/suite/cases.gen.rs
expression: tokens
---
- token: DirectivesEnd
  start:
    index: 0
    line: 0
    column: 0
  end:
    index: 3
    line: 0
    column: 3
- token: Break
  start:
    index: 3
    line: 0
    column: 3
  end:
    index: 5
    line: 1
    column: 0
- token: Indent
  start:
    index: 5
    line: 1
    column: 0
  end:
    index: 5
    line: 1
    column: 0
- token: SequenceEntry
  start:
    index: 5
    line: 1
    column: 0
  end:
    index: 6
    line: 1
    column: 1
- token: Separator
  start:
    index: 6
    line: 1
    column: 1
  end:
    index: 7
    line: 1
    column: 2
- token: MappingStart
  start:
    index: 7
    line: 1
    column: 2
  end:
    index: 8
    line: 1
    column: 3
- token: Separator
  start:
    index: 8
    line: 1
    column: 3
  end:
    index: 9
    line: 1
    column: 4
- token: DoubleQuote
  start:
    index: 9
    line: 1
    column: 4
  end:
    index: 10
    line: 1
    column: 5
- token: DoubleQuoted
  start:
    index: 10
    line: 1
    column: 5
  end:
    index: 21
    line: 1
    column: 16
- token: DoubleQuote
  start:
    index: 21
    line: 1
    column: 16
  end:
    index: 22
    line: 1
    column: 17
- token: MappingValue
  start:
    index: 22
    line: 1
    column: 17
  end:
    index: 23
    line: 1
    column: 18
- token: Separator
  start:
    index: 23
    line: 1
    column: 18
  end:
    index: 24
    line: 1
    column: 19
- token: Scalar
  start:
    index: 24
    line: 1
    column: 19
  end:
    index: 29
    line: 1
    column: 24
- token: MappingEnd
  start:
    index: 29
    line: 1
    column: 24
  end:
    index: 30
    line: 1
    column: 25
- token: Break
  start:
    index: 30
    line: 1
    column: 25
  end:
    index: 32
    line: 2
    column: 0
- token: Indent
  start:
    index: 32
    line: 2
    column: 0
  end:
    index: 32
    line: 2
    column: 0
- token: SequenceEntry
  start:
    index: 32
    line: 2
    column: 0
  end:
    index: 33
    line: 2
    column: 1
- token: Separator
  start:
    index: 33
    line: 2
    column: 1
  end:
    index: 34
    line: 2
    column: 2
- token: MappingStart
  start:
    index: 34
    line: 2
    column: 2
  end:
    index: 35
    line: 2
    column: 3
- token: Separator
  start:
    index: 35
    line: 2
    column: 3
  end:
    index: 36
    line: 2
    column: 4
- token: DoubleQuote
  start:
    index: 36
    line: 2
    column: 4
  end:
    index: 37
    line: 2
    column: 5
- token: DoubleQuoted
  start:
    index: 37
    line: 2
    column: 5
  end:
    index: 42
    line: 2
    column: 10
- token: ScalarSpace
  start:
    index: 42
    line: 2
    column: 10
  end:
    index: 44
    line: 3
    column: 0
- token: Indent
  start:
    index: 44
    line: 3
    column: 0
  end:
    index: 45
    line: 3
    column: 1
- token: Separator
  start:
    index: 45
    line: 3
    column: 1
  end:
    index: 46
    line: 3
    column: 2
- token: DoubleQuoted
  start:
    index: 46
    line: 3
    column: 2
  end:
    index: 50
    line: 3
    column: 6
- token: DoubleQuote
  start:
    index: 50
    line: 3
    column: 6
  end:
    index: 51
    line: 3
    column: 7
- token: MappingValue
  start:
    index: 51
    line: 3
    column: 7
  end:
    index: 52
    line: 3
    column: 8
- token: Separator
  start:
    index: 52
    line: 3
    column: 8
  end:
    index: 53
    line: 3
    column: 9
- token: Scalar
  start:
    index: 53
    line: 3
    column: 9
  end:
    index: 58
    line: 3
    column: 14
- token: MappingEnd
  start:
    index: 58
    line: 3
    column: 14
  end:
    index: 59
    line: 3
    column: 15
- token: Break
  start:
    index: 59
    line: 3
    column: 15
  end:
    index: 61
    line: 4
    column: 0

