---
source: tests/suite/cases.gen.rs
expression: tokens
---
- token: Indent
  start:
    line: 0
    column: 0
  end:
    line: 0
    column: 0
- token: DoubleQuote
  start:
    line: 0
    column: 0
  end:
    line: 0
    column: 1
- token: DoubleQuoted
  start:
    line: 0
    column: 1
  end:
    line: 0
    column: 4
- token: Escape
  start:
    line: 0
    column: 4
  end:
    line: 0
    column: 5
- token: EscapeCode
  start:
    line: 0
    column: 5
  end:
    line: 0
    column: 6
- token: DoubleQuoted
  start:
    line: 0
    column: 6
  end:
    line: 0
    column: 13
- token: Escape
  start:
    line: 0
    column: 13
  end:
    line: 0
    column: 14
- token: EscapeCode
  start:
    line: 0
    column: 14
  end:
    line: 0
    column: 15
- token: DoubleQuoted
  start:
    line: 0
    column: 15
  end:
    line: 0
    column: 17
- token: Escape
  start:
    line: 0
    column: 17
  end:
    line: 0
    column: 18
- token: EscapeCode
  start:
    line: 0
    column: 18
  end:
    line: 0
    column: 19
- token: DoubleQuoted
  start:
    line: 0
    column: 19
  end:
    line: 0
    column: 27
- token: DoubleQuote
  start:
    line: 0
    column: 27
  end:
    line: 0
    column: 28
- token: MappingValue
  start:
    line: 0
    column: 28
  end:
    line: 0
    column: 29
- token: Separator
  start:
    line: 0
    column: 29
  end:
    line: 0
    column: 30
- token: Scalar
  start:
    line: 0
    column: 30
  end:
    line: 0
    column: 32
- token: Break
  start:
    line: 0
    column: 32
  end:
    line: 1
    column: 0
- token: Indent
  start:
    line: 1
    column: 0
  end:
    line: 1
    column: 0
- token: SingleQuote
  start:
    line: 1
    column: 0
  end:
    line: 1
    column: 1
- token: SingleQuoted
  start:
    line: 1
    column: 1
  end:
    line: 1
    column: 19
- token: SingleQuote
  start:
    line: 1
    column: 19
  end:
    line: 1
    column: 20
- token: MappingValue
  start:
    line: 1
    column: 20
  end:
    line: 1
    column: 21
- token: Separator
  start:
    line: 1
    column: 21
  end:
    line: 1
    column: 22
- token: Scalar
  start:
    line: 1
    column: 22
  end:
    line: 1
    column: 24
- token: Break
  start:
    line: 1
    column: 24
  end:
    line: 2
    column: 0

