---
source: tests/suite/cases.gen.rs
expression: tokens
---
- token: Comment
  start:
    index: 0
    line: 0
    column: 0
  end:
    index: 1
    line: 0
    column: 1
- token: CommentText
  start:
    index: 1
    line: 0
    column: 1
  end:
    index: 15
    line: 0
    column: 15
- token: Break
  start:
    index: 15
    line: 0
    column: 15
  end:
    index: 17
    line: 1
    column: 0

