---
source: tests/suite/cases.gen.rs
expression: tokens
---
- token: Indent
  start:
    line: 0
    column: 0
  end:
    line: 0
    column: 0
- token: Scalar
  start:
    line: 0
    column: 0
  end:
    line: 0
    column: 1
- token: MappingValue
  start:
    line: 0
    column: 1
  end:
    line: 0
    column: 2
- token: Separator
  start:
    line: 0
    column: 2
  end:
    line: 0
    column: 3
- token: Anchor
  start:
    line: 0
    column: 3
  end:
    line: 0
    column: 4
- token: AnchorName
  start:
    line: 0
    column: 4
  end:
    line: 0
    column: 16
- token: Separator
  start:
    line: 0
    column: 16
  end:
    line: 0
    column: 17
- token: Scalar
  start:
    line: 0
    column: 17
  end:
    line: 0
    column: 25
- token: Break
  start:
    line: 0
    column: 25
  end:
    line: 1
    column: 0
- token: Indent
  start:
    line: 1
    column: 0
  end:
    line: 1
    column: 0
- token: Scalar
  start:
    line: 1
    column: 0
  end:
    line: 1
    column: 1
- token: MappingValue
  start:
    line: 1
    column: 1
  end:
    line: 1
    column: 2
- token: Separator
  start:
    line: 1
    column: 2
  end:
    line: 1
    column: 3
- token: Alias
  start:
    line: 1
    column: 3
  end:
    line: 1
    column: 4
- token: AnchorName
  start:
    line: 1
    column: 4
  end:
    line: 1
    column: 16
- token: Break
  start:
    line: 1
    column: 16
  end:
    line: 2
    column: 0

