---
source: tests/suite/cases.gen.rs
expression: tokens
---
- token: Comment
  start:
    index: 0
    line: 0
    column: 0
  end:
    index: 1
    line: 0
    column: 1
- token: CommentText
  start:
    index: 1
    line: 0
    column: 1
  end:
    index: 17
    line: 0
    column: 17
- token: Break
  start:
    index: 17
    line: 0
    column: 17
  end:
    index: 19
    line: 1
    column: 0
- token: Indent
  start:
    index: 19
    line: 1
    column: 0
  end:
    index: 19
    line: 1
    column: 0
- token: Scalar
  start:
    index: 19
    line: 1
    column: 0
  end:
    index: 25
    line: 1
    column: 6
- token: MappingValue
  start:
    index: 25
    line: 1
    column: 6
  end:
    index: 26
    line: 1
    column: 7
- token: Separator
  start:
    index: 26
    line: 1
    column: 7
  end:
    index: 27
    line: 1
    column: 8
- token: DoubleQuote
  start:
    index: 27
    line: 1
    column: 8
  end:
    index: 28
    line: 1
    column: 9
- token: DoubleQuoted
  start:
    index: 28
    line: 1
    column: 9
  end:
    index: 36
    line: 1
    column: 17
- token: DoubleQuote
  start:
    index: 36
    line: 1
    column: 17
  end:
    index: 37
    line: 1
    column: 18
- token: Break
  start:
    index: 37
    line: 1
    column: 18
  end:
    index: 39
    line: 2
    column: 0
- token: Indent
  start:
    index: 39
    line: 2
    column: 0
  end:
    index: 39
    line: 2
    column: 0
- token: Scalar
  start:
    index: 39
    line: 2
    column: 0
  end:
    index: 44
    line: 2
    column: 5
- token: MappingValue
  start:
    index: 44
    line: 2
    column: 5
  end:
    index: 45
    line: 2
    column: 6
- token: Separator
  start:
    index: 45
    line: 2
    column: 6
  end:
    index: 46
    line: 2
    column: 7
- token: Literal
  start:
    index: 46
    line: 2
    column: 7
  end:
    index: 47
    line: 2
    column: 8
- token: Break
  start:
    index: 47
    line: 2
    column: 8
  end:
    index: 49
    line: 3
    column: 0
- token: Indent
  start:
    index: 49
    line: 3
    column: 0
  end:
    index: 51
    line: 3
    column: 2
- token: Scalar
  start:
    index: 51
    line: 3
    column: 2
  end:
    index: 64
    line: 3
    column: 15
- token: ScalarBreak
  start:
    index: 64
    line: 3
    column: 15
  end:
    index: 66
    line: 4
    column: 0
- token: Indent
  start:
    index: 66
    line: 4
    column: 0
  end:
    index: 68
    line: 4
    column: 2
- token: Scalar
  start:
    index: 68
    line: 4
    column: 2
  end:
    index: 95
    line: 4
    column: 29
- token: ScalarBreak
  start:
    index: 95
    line: 4
    column: 29
  end:
    index: 97
    line: 5
    column: 0
- token: Indent
  start:
    index: 97
    line: 5
    column: 0
  end:
    index: 99
    line: 5
    column: 2
- token: Scalar
  start:
    index: 99
    line: 5
    column: 2
  end:
    index: 100
    line: 5
    column: 3
- token: ScalarBreak
  start:
    index: 100
    line: 5
    column: 3
  end:
    index: 102
    line: 6
    column: 0

