---
source: tests/suite/cases.gen.rs
expression: tokens
---
- token: Indent
  start:
    line: 0
    column: 0
  end:
    line: 0
    column: 0
- token: Scalar
  start:
    line: 0
    column: 0
  end:
    line: 0
    column: 4
- token: MappingValue
  start:
    line: 0
    column: 4
  end:
    line: 0
    column: 5
- token: Separator
  start:
    line: 0
    column: 5
  end:
    line: 0
    column: 6
- token: Scalar
  start:
    line: 0
    column: 6
  end:
    line: 0
    column: 45
- token: ScalarSpace
  start:
    line: 0
    column: 45
  end:
    line: 1
    column: 0
- token: Indent
  start:
    line: 1
    column: 0
  end:
    line: 1
    column: 1
- token: Separator
  start:
    line: 1
    column: 1
  end:
    line: 1
    column: 5
- token: Scalar
  start:
    line: 1
    column: 5
  end:
    line: 1
    column: 43
- token: Break
  start:
    line: 1
    column: 43
  end:
    line: 2
    column: 0
- token: Indent
  start:
    line: 2
    column: 0
  end:
    line: 2
    column: 0
- token: Scalar
  start:
    line: 2
    column: 0
  end:
    line: 2
    column: 18
- token: MappingValue
  start:
    line: 2
    column: 18
  end:
    line: 2
    column: 19
- token: Separator
  start:
    line: 2
    column: 19
  end:
    line: 2
    column: 20
- token: Scalar
  start:
    line: 2
    column: 20
  end:
    line: 2
    column: 24
- token: Break
  start:
    line: 2
    column: 24
  end:
    line: 3
    column: 0
- token: Indent
  start:
    line: 3
    column: 0
  end:
    line: 3
    column: 0
- token: Scalar
  start:
    line: 3
    column: 0
  end:
    line: 3
    column: 10
- token: MappingValue
  start:
    line: 3
    column: 10
  end:
    line: 3
    column: 11
- token: Separator
  start:
    line: 3
    column: 11
  end:
    line: 3
    column: 12
- token: Scalar
  start:
    line: 3
    column: 12
  end:
    line: 3
    column: 16
- token: Break
  start:
    line: 3
    column: 16
  end:
    line: 4
    column: 0
- token: Indent
  start:
    line: 4
    column: 0
  end:
    line: 4
    column: 0
- token: Scalar
  start:
    line: 4
    column: 0
  end:
    line: 4
    column: 9
- token: MappingValue
  start:
    line: 4
    column: 9
  end:
    line: 4
    column: 10
- token: Separator
  start:
    line: 4
    column: 10
  end:
    line: 4
    column: 11
- token: Scalar
  start:
    line: 4
    column: 11
  end:
    line: 4
    column: 15
- token: Break
  start:
    line: 4
    column: 15
  end:
    line: 5
    column: 0

