---
source: tests/suite/cases.gen.rs
expression: tokens
---
- token: DirectivesEnd
  start:
    index: 0
    line: 0
    column: 0
  end:
    index: 3
    line: 0
    column: 3
- token: Break
  start:
    index: 3
    line: 0
    column: 3
  end:
    index: 5
    line: 1
    column: 0
- token: Indent
  start:
    index: 5
    line: 1
    column: 0
  end:
    index: 5
    line: 1
    column: 0
- token: SequenceEntry
  start:
    index: 5
    line: 1
    column: 0
  end:
    index: 6
    line: 1
    column: 1
- token: Separator
  start:
    index: 6
    line: 1
    column: 1
  end:
    index: 7
    line: 1
    column: 2
- token: MappingStart
  start:
    index: 7
    line: 1
    column: 2
  end:
    index: 8
    line: 1
    column: 3
- token: Separator
  start:
    index: 8
    line: 1
    column: 3
  end:
    index: 9
    line: 1
    column: 4
- token: Scalar
  start:
    index: 9
    line: 1
    column: 4
  end:
    index: 20
    line: 1
    column: 15
- token: Empty
  start:
    index: 20
    line: 1
    column: 15
  end:
    index: 20
    line: 1
    column: 15
- token: CollectionEntry
  start:
    index: 20
    line: 1
    column: 15
  end:
    index: 21
    line: 1
    column: 16
- token: Separator
  start:
    index: 21
    line: 1
    column: 16
  end:
    index: 22
    line: 1
    column: 17
- token: Scalar
  start:
    index: 22
    line: 1
    column: 17
  end:
    index: 23
    line: 1
    column: 18
- token: MappingValue
  start:
    index: 23
    line: 1
    column: 18
  end:
    index: 24
    line: 1
    column: 19
- token: Separator
  start:
    index: 24
    line: 1
    column: 19
  end:
    index: 25
    line: 1
    column: 20
- token: Scalar
  start:
    index: 25
    line: 1
    column: 20
  end:
    index: 26
    line: 1
    column: 21
- token: MappingEnd
  start:
    index: 26
    line: 1
    column: 21
  end:
    index: 27
    line: 1
    column: 22
- token: Break
  start:
    index: 27
    line: 1
    column: 22
  end:
    index: 29
    line: 2
    column: 0
- token: Indent
  start:
    index: 29
    line: 2
    column: 0
  end:
    index: 29
    line: 2
    column: 0
- token: SequenceEntry
  start:
    index: 29
    line: 2
    column: 0
  end:
    index: 30
    line: 2
    column: 1
- token: Separator
  start:
    index: 30
    line: 2
    column: 1
  end:
    index: 31
    line: 2
    column: 2
- token: MappingStart
  start:
    index: 31
    line: 2
    column: 2
  end:
    index: 32
    line: 2
    column: 3
- token: Separator
  start:
    index: 32
    line: 2
    column: 3
  end:
    index: 33
    line: 2
    column: 4
- token: Scalar
  start:
    index: 33
    line: 2
    column: 4
  end:
    index: 38
    line: 2
    column: 9
- token: ScalarSpace
  start:
    index: 38
    line: 2
    column: 9
  end:
    index: 40
    line: 3
    column: 0
- token: Indent
  start:
    index: 40
    line: 3
    column: 0
  end:
    index: 41
    line: 3
    column: 1
- token: Separator
  start:
    index: 41
    line: 3
    column: 1
  end:
    index: 42
    line: 3
    column: 2
- token: Scalar
  start:
    index: 42
    line: 3
    column: 2
  end:
    index: 46
    line: 3
    column: 6
- token: Empty
  start:
    index: 46
    line: 3
    column: 6
  end:
    index: 46
    line: 3
    column: 6
- token: CollectionEntry
  start:
    index: 46
    line: 3
    column: 6
  end:
    index: 47
    line: 3
    column: 7
- token: Separator
  start:
    index: 47
    line: 3
    column: 7
  end:
    index: 48
    line: 3
    column: 8
- token: Scalar
  start:
    index: 48
    line: 3
    column: 8
  end:
    index: 49
    line: 3
    column: 9
- token: MappingValue
  start:
    index: 49
    line: 3
    column: 9
  end:
    index: 50
    line: 3
    column: 10
- token: Separator
  start:
    index: 50
    line: 3
    column: 10
  end:
    index: 51
    line: 3
    column: 11
- token: Scalar
  start:
    index: 51
    line: 3
    column: 11
  end:
    index: 52
    line: 3
    column: 12
- token: MappingEnd
  start:
    index: 52
    line: 3
    column: 12
  end:
    index: 53
    line: 3
    column: 13
- token: Break
  start:
    index: 53
    line: 3
    column: 13
  end:
    index: 55
    line: 4
    column: 0

