---
source: tests/suite/cases.gen.rs
expression: tokens
---
- token: Comment
  start:
    line: 0
    column: 0
  end:
    line: 0
    column: 1
- token: CommentText
  start:
    line: 0
    column: 1
  end:
    line: 0
    column: 45
- token: Break
  start:
    line: 0
    column: 45
  end:
    line: 1
    column: 0
- token: Comment
  start:
    line: 1
    column: 0
  end:
    line: 1
    column: 1
- token: CommentText
  start:
    line: 1
    column: 1
  end:
    line: 1
    column: 44
- token: Break
  start:
    line: 1
    column: 44
  end:
    line: 2
    column: 0
- token: Comment
  start:
    line: 2
    column: 0
  end:
    line: 2
    column: 1
- token: CommentText
  start:
    line: 2
    column: 1
  end:
    line: 2
    column: 45
- token: Break
  start:
    line: 2
    column: 45
  end:
    line: 3
    column: 0
- token: Comment
  start:
    line: 3
    column: 0
  end:
    line: 3
    column: 1
- token: CommentText
  start:
    line: 3
    column: 1
  end:
    line: 3
    column: 21
- token: Break
  start:
    line: 3
    column: 21
  end:
    line: 4
    column: 0
- token: Comment
  start:
    line: 4
    column: 0
  end:
    line: 4
    column: 1
- token: CommentText
  start:
    line: 4
    column: 1
  end:
    line: 4
    column: 33
- token: Break
  start:
    line: 4
    column: 33
  end:
    line: 5
    column: 0
- token: Comment
  start:
    line: 5
    column: 0
  end:
    line: 5
    column: 1
- token: CommentText
  start:
    line: 5
    column: 1
  end:
    line: 5
    column: 30
- token: Break
  start:
    line: 5
    column: 30
  end:
    line: 6
    column: 0
- token: Comment
  start:
    line: 6
    column: 0
  end:
    line: 6
    column: 1
- token: CommentText
  start:
    line: 6
    column: 1
  end:
    line: 6
    column: 29
- token: Break
  start:
    line: 6
    column: 29
  end:
    line: 7
    column: 0
- token: DirectivesEnd
  start:
    line: 7
    column: 0
  end:
    line: 7
    column: 3
- token: Separator
  start:
    line: 7
    column: 3
  end:
    line: 7
    column: 4
- token: TagHandle
  start:
    line: 7
    column: 4
  end:
    line: 7
    column: 6
- token: TagSuffix
  start:
    line: 7
    column: 6
  end:
    line: 7
    column: 10
- token: Break
  start:
    line: 7
    column: 10
  end:
    line: 8
    column: 0
- token: Indent
  start:
    line: 8
    column: 0
  end:
    line: 8
    column: 0
- token: SequenceEntry
  start:
    line: 8
    column: 0
  end:
    line: 8
    column: 1
- token: Indent
  start:
    line: 8
    column: 1
  end:
    line: 8
    column: 2
- token: Scalar
  start:
    line: 8
    column: 2
  end:
    line: 8
    column: 14
- token: MappingValue
  start:
    line: 8
    column: 14
  end:
    line: 8
    column: 15
- token: Separator
  start:
    line: 8
    column: 15
  end:
    line: 8
    column: 16
- token: Scalar
  start:
    line: 8
    column: 16
  end:
    line: 8
    column: 18
- token: Break
  start:
    line: 8
    column: 18
  end:
    line: 9
    column: 0
- token: Indent
  start:
    line: 9
    column: 0
  end:
    line: 9
    column: 0
- token: SequenceEntry
  start:
    line: 9
    column: 0
  end:
    line: 9
    column: 1
- token: Indent
  start:
    line: 9
    column: 1
  end:
    line: 9
    column: 2
- token: Scalar
  start:
    line: 9
    column: 2
  end:
    line: 9
    column: 12
- token: MappingValue
  start:
    line: 9
    column: 12
  end:
    line: 9
    column: 13
- token: Separator
  start:
    line: 9
    column: 13
  end:
    line: 9
    column: 14
- token: Scalar
  start:
    line: 9
    column: 14
  end:
    line: 9
    column: 16
- token: Break
  start:
    line: 9
    column: 16
  end:
    line: 10
    column: 0
- token: Indent
  start:
    line: 10
    column: 0
  end:
    line: 10
    column: 0
- token: SequenceEntry
  start:
    line: 10
    column: 0
  end:
    line: 10
    column: 1
- token: Indent
  start:
    line: 10
    column: 1
  end:
    line: 10
    column: 2
- token: Scalar
  start:
    line: 10
    column: 2
  end:
    line: 10
    column: 12
- token: MappingValue
  start:
    line: 10
    column: 12
  end:
    line: 10
    column: 13
- token: Separator
  start:
    line: 10
    column: 13
  end:
    line: 10
    column: 14
- token: Scalar
  start:
    line: 10
    column: 14
  end:
    line: 10
    column: 16
- token: Break
  start:
    line: 10
    column: 16
  end:
    line: 11
    column: 0

