---
source: tests/suite/cases.gen.rs
expression: tokens
---
- token: Indent
  start:
    line: 0
    column: 0
  end:
    line: 0
    column: 0
- token: SequenceEntry
  start:
    line: 0
    column: 0
  end:
    line: 0
    column: 1
- token: Separator
  start:
    line: 0
    column: 1
  end:
    line: 0
    column: 2
- token: Scalar
  start:
    line: 0
    column: 2
  end:
    line: 0
    column: 10
- token: Break
  start:
    line: 0
    column: 10
  end:
    line: 1
    column: 0
- token: Indent
  start:
    line: 1
    column: 0
  end:
    line: 1
    column: 0
- token: SequenceEntry
  start:
    line: 1
    column: 0
  end:
    line: 1
    column: 1
- token: Separator
  start:
    line: 1
    column: 1
  end:
    line: 1
    column: 2
- token: Scalar
  start:
    line: 1
    column: 2
  end:
    line: 1
    column: 18
- token: Break
  start:
    line: 1
    column: 18
  end:
    line: 2
    column: 0
- token: Indent
  start:
    line: 2
    column: 0
  end:
    line: 2
    column: 0
- token: SequenceEntry
  start:
    line: 2
    column: 0
  end:
    line: 2
    column: 1
- token: Indent
  start:
    line: 2
    column: 1
  end:
    line: 2
    column: 2
- token: Scalar
  start:
    line: 2
    column: 2
  end:
    line: 2
    column: 5
- token: MappingValue
  start:
    line: 2
    column: 5
  end:
    line: 2
    column: 6
- token: Separator
  start:
    line: 2
    column: 6
  end:
    line: 2
    column: 7
- token: Scalar
  start:
    line: 2
    column: 7
  end:
    line: 2
    column: 13
- token: Break
  start:
    line: 2
    column: 13
  end:
    line: 3
    column: 0
- token: Indent
  start:
    line: 3
    column: 0
  end:
    line: 3
    column: 0
- token: SequenceEntry
  start:
    line: 3
    column: 0
  end:
    line: 3
    column: 1
- token: Separator
  start:
    line: 3
    column: 1
  end:
    line: 3
    column: 2
- token: SequenceStart
  start:
    line: 3
    column: 2
  end:
    line: 3
    column: 3
- token: Scalar
  start:
    line: 3
    column: 3
  end:
    line: 3
    column: 11
- token: SequenceEnd
  start:
    line: 3
    column: 11
  end:
    line: 3
    column: 12
- token: Break
  start:
    line: 3
    column: 12
  end:
    line: 4
    column: 0
- token: Indent
  start:
    line: 4
    column: 0
  end:
    line: 4
    column: 0
- token: SequenceEntry
  start:
    line: 4
    column: 0
  end:
    line: 4
    column: 1
- token: Separator
  start:
    line: 4
    column: 1
  end:
    line: 4
    column: 2
- token: SequenceStart
  start:
    line: 4
    column: 2
  end:
    line: 4
    column: 3
- token: Scalar
  start:
    line: 4
    column: 3
  end:
    line: 4
    column: 19
- token: SequenceEnd
  start:
    line: 4
    column: 19
  end:
    line: 4
    column: 20
- token: Break
  start:
    line: 4
    column: 20
  end:
    line: 5
    column: 0
- token: Indent
  start:
    line: 5
    column: 0
  end:
    line: 5
    column: 0
- token: SequenceEntry
  start:
    line: 5
    column: 0
  end:
    line: 5
    column: 1
- token: Separator
  start:
    line: 5
    column: 1
  end:
    line: 5
    column: 2
- token: MappingStart
  start:
    line: 5
    column: 2
  end:
    line: 5
    column: 3
- token: Scalar
  start:
    line: 5
    column: 3
  end:
    line: 5
    column: 6
- token: MappingValue
  start:
    line: 5
    column: 6
  end:
    line: 5
    column: 7
- token: Separator
  start:
    line: 5
    column: 7
  end:
    line: 5
    column: 8
- token: Scalar
  start:
    line: 5
    column: 8
  end:
    line: 5
    column: 14
- token: Separator
  start:
    line: 5
    column: 14
  end:
    line: 5
    column: 15
- token: MappingEnd
  start:
    line: 5
    column: 15
  end:
    line: 5
    column: 16
- token: Break
  start:
    line: 5
    column: 16
  end:
    line: 6
    column: 0
- token: Indent
  start:
    line: 6
    column: 0
  end:
    line: 6
    column: 0
- token: SequenceEntry
  start:
    line: 6
    column: 0
  end:
    line: 6
    column: 1
- token: Separator
  start:
    line: 6
    column: 1
  end:
    line: 6
    column: 2
- token: MappingStart
  start:
    line: 6
    column: 2
  end:
    line: 6
    column: 3
- token: Scalar
  start:
    line: 6
    column: 3
  end:
    line: 6
    column: 6
- token: MappingValue
  start:
    line: 6
    column: 6
  end:
    line: 6
    column: 7
- token: Separator
  start:
    line: 6
    column: 7
  end:
    line: 6
    column: 8
- token: Scalar
  start:
    line: 6
    column: 8
  end:
    line: 6
    column: 14
- token: MappingEnd
  start:
    line: 6
    column: 14
  end:
    line: 6
    column: 15
- token: Break
  start:
    line: 6
    column: 15
  end:
    line: 7
    column: 0
- token: Indent
  start:
    line: 7
    column: 0
  end:
    line: 7
    column: 0
- token: SequenceEntry
  start:
    line: 7
    column: 0
  end:
    line: 7
    column: 1
- token: Separator
  start:
    line: 7
    column: 1
  end:
    line: 7
    column: 2
- token: MappingStart
  start:
    line: 7
    column: 2
  end:
    line: 7
    column: 3
- token: Scalar
  start:
    line: 7
    column: 3
  end:
    line: 7
    column: 7
- token: MappingValue
  start:
    line: 7
    column: 7
  end:
    line: 7
    column: 8
- token: Separator
  start:
    line: 7
    column: 8
  end:
    line: 7
    column: 9
- token: Scalar
  start:
    line: 7
    column: 9
  end:
    line: 7
    column: 14
- token: Separator
  start:
    line: 7
    column: 14
  end:
    line: 7
    column: 15
- token: MappingEnd
  start:
    line: 7
    column: 15
  end:
    line: 7
    column: 16
- token: Break
  start:
    line: 7
    column: 16
  end:
    line: 8
    column: 0

