---
source: tests/suite/cases.gen.rs
expression: tokens
---
- token: Indent
  start:
    index: 0
    line: 0
    column: 0
  end:
    index: 0
    line: 0
    column: 0
- token: SequenceEntry
  start:
    index: 0
    line: 0
    column: 0
  end:
    index: 1
    line: 0
    column: 1
- token: Empty
  start:
    index: 1
    line: 0
    column: 1
  end:
    index: 1
    line: 0
    column: 1
- token: Separator
  start:
    index: 1
    line: 0
    column: 1
  end:
    index: 2
    line: 0
    column: 2
- token: Comment
  start:
    index: 2
    line: 0
    column: 2
  end:
    index: 3
    line: 0
    column: 3
- token: CommentText
  start:
    index: 3
    line: 0
    column: 3
  end:
    index: 9
    line: 0
    column: 9
- token: Break
  start:
    index: 9
    line: 0
    column: 9
  end:
    index: 11
    line: 1
    column: 0
- token: Indent
  start:
    index: 11
    line: 1
    column: 0
  end:
    index: 11
    line: 1
    column: 0
- token: SequenceEntry
  start:
    index: 11
    line: 1
    column: 0
  end:
    index: 12
    line: 1
    column: 1
- token: Separator
  start:
    index: 12
    line: 1
    column: 1
  end:
    index: 13
    line: 1
    column: 2
- token: Literal
  start:
    index: 13
    line: 1
    column: 2
  end:
    index: 14
    line: 1
    column: 3
- token: Break
  start:
    index: 14
    line: 1
    column: 3
  end:
    index: 16
    line: 2
    column: 0
- token: Indent
  start:
    index: 16
    line: 2
    column: 0
  end:
    index: 17
    line: 2
    column: 1
- token: Scalar
  start:
    index: 17
    line: 2
    column: 1
  end:
    index: 27
    line: 2
    column: 11
- token: ScalarBreak
  start:
    index: 27
    line: 2
    column: 11
  end:
    index: 29
    line: 3
    column: 0
- token: Indent
  start:
    index: 29
    line: 3
    column: 0
  end:
    index: 29
    line: 3
    column: 0
- token: SequenceEntry
  start:
    index: 29
    line: 3
    column: 0
  end:
    index: 30
    line: 3
    column: 1
- token: Indent
  start:
    index: 30
    line: 3
    column: 1
  end:
    index: 31
    line: 3
    column: 2
- token: SequenceEntry
  start:
    index: 31
    line: 3
    column: 2
  end:
    index: 32
    line: 3
    column: 3
- token: Separator
  start:
    index: 32
    line: 3
    column: 3
  end:
    index: 33
    line: 3
    column: 4
- token: Scalar
  start:
    index: 33
    line: 3
    column: 4
  end:
    index: 36
    line: 3
    column: 7
- token: Separator
  start:
    index: 36
    line: 3
    column: 7
  end:
    index: 37
    line: 3
    column: 8
- token: Comment
  start:
    index: 37
    line: 3
    column: 8
  end:
    index: 38
    line: 3
    column: 9
- token: CommentText
  start:
    index: 38
    line: 3
    column: 9
  end:
    index: 46
    line: 3
    column: 17
- token: Break
  start:
    index: 46
    line: 3
    column: 17
  end:
    index: 48
    line: 4
    column: 0
- token: Indent
  start:
    index: 48
    line: 4
    column: 0
  end:
    index: 50
    line: 4
    column: 2
- token: SequenceEntry
  start:
    index: 50
    line: 4
    column: 2
  end:
    index: 51
    line: 4
    column: 3
- token: Separator
  start:
    index: 51
    line: 4
    column: 3
  end:
    index: 52
    line: 4
    column: 4
- token: Scalar
  start:
    index: 52
    line: 4
    column: 4
  end:
    index: 55
    line: 4
    column: 7
- token: Separator
  start:
    index: 55
    line: 4
    column: 7
  end:
    index: 56
    line: 4
    column: 8
- token: Comment
  start:
    index: 56
    line: 4
    column: 8
  end:
    index: 57
    line: 4
    column: 9
- token: CommentText
  start:
    index: 57
    line: 4
    column: 9
  end:
    index: 66
    line: 4
    column: 18
- token: Break
  start:
    index: 66
    line: 4
    column: 18
  end:
    index: 68
    line: 5
    column: 0
- token: Indent
  start:
    index: 68
    line: 5
    column: 0
  end:
    index: 68
    line: 5
    column: 0
- token: SequenceEntry
  start:
    index: 68
    line: 5
    column: 0
  end:
    index: 69
    line: 5
    column: 1
- token: Indent
  start:
    index: 69
    line: 5
    column: 1
  end:
    index: 70
    line: 5
    column: 2
- token: Scalar
  start:
    index: 70
    line: 5
    column: 2
  end:
    index: 73
    line: 5
    column: 5
- token: MappingValue
  start:
    index: 73
    line: 5
    column: 5
  end:
    index: 74
    line: 5
    column: 6
- token: Separator
  start:
    index: 74
    line: 5
    column: 6
  end:
    index: 75
    line: 5
    column: 7
- token: Scalar
  start:
    index: 75
    line: 5
    column: 7
  end:
    index: 78
    line: 5
    column: 10
- token: Separator
  start:
    index: 78
    line: 5
    column: 10
  end:
    index: 79
    line: 5
    column: 11
- token: Comment
  start:
    index: 79
    line: 5
    column: 11
  end:
    index: 80
    line: 5
    column: 12
- token: CommentText
  start:
    index: 80
    line: 5
    column: 12
  end:
    index: 96
    line: 5
    column: 28
- token: Break
  start:
    index: 96
    line: 5
    column: 28
  end:
    index: 98
    line: 6
    column: 0

