---
source: tests/suite/cases.gen.rs
expression: tokens
---
- token: Indent
  start:
    index: 0
    line: 0
    column: 0
  end:
    index: 0
    line: 0
    column: 0
- token: Folded
  start:
    index: 0
    line: 0
    column: 0
  end:
    index: 1
    line: 0
    column: 1
- token: Break
  start:
    index: 1
    line: 0
    column: 1
  end:
    index: 3
    line: 1
    column: 0
- token: Indent
  start:
    index: 3
    line: 1
    column: 0
  end:
    index: 4
    line: 1
    column: 1
- token: Scalar
  start:
    index: 4
    line: 1
    column: 1
  end:
    index: 32
    line: 1
    column: 29
- token: ScalarSpace
  start:
    index: 32
    line: 1
    column: 29
  end:
    index: 34
    line: 2
    column: 0
- token: Indent
  start:
    index: 34
    line: 2
    column: 0
  end:
    index: 35
    line: 2
    column: 1
- token: Scalar
  start:
    index: 35
    line: 2
    column: 1
  end:
    index: 64
    line: 2
    column: 30
- token: ScalarBreak
  start:
    index: 64
    line: 2
    column: 30
  end:
    index: 66
    line: 3
    column: 0
- token: Indent
  start:
    index: 66
    line: 3
    column: 0
  end:
    index: 66
    line: 3
    column: 0
- token: ScalarBreak
  start:
    index: 66
    line: 3
    column: 0
  end:
    index: 68
    line: 4
    column: 0
- token: Indent
  start:
    index: 68
    line: 4
    column: 0
  end:
    index: 69
    line: 4
    column: 1
- token: Scalar
  start:
    index: 69
    line: 4
    column: 1
  end:
    index: 83
    line: 4
    column: 15
- token: ScalarBreak
  start:
    index: 83
    line: 4
    column: 15
  end:
    index: 85
    line: 5
    column: 0
- token: Indent
  start:
    index: 85
    line: 5
    column: 0
  end:
    index: 86
    line: 5
    column: 1
- token: Scalar
  start:
    index: 86
    line: 5
    column: 1
  end:
    index: 109
    line: 5
    column: 24
- token: ScalarBreak
  start:
    index: 109
    line: 5
    column: 24
  end:
    index: 111
    line: 6
    column: 0
- token: Indent
  start:
    index: 111
    line: 6
    column: 0
  end:
    index: 111
    line: 6
    column: 0
- token: ScalarBreak
  start:
    index: 111
    line: 6
    column: 0
  end:
    index: 113
    line: 7
    column: 0
- token: Indent
  start:
    index: 113
    line: 7
    column: 0
  end:
    index: 114
    line: 7
    column: 1
- token: Scalar
  start:
    index: 114
    line: 7
    column: 1
  end:
    index: 126
    line: 7
    column: 13
- token: ScalarBreak
  start:
    index: 126
    line: 7
    column: 13
  end:
    index: 128
    line: 8
    column: 0

