---
source: tests/suite/cases.gen.rs
expression: tokens
---
- token: DirectivesEnd
  start:
    index: 0
    line: 0
    column: 0
  end:
    index: 3
    line: 0
    column: 3
- token: Separator
  start:
    index: 3
    line: 0
    column: 3
  end:
    index: 4
    line: 0
    column: 4
- token: Anchor
  start:
    index: 4
    line: 0
    column: 4
  end:
    index: 5
    line: 0
    column: 5
- token: AnchorName
  start:
    index: 5
    line: 0
    column: 5
  end:
    index: 13
    line: 0
    column: 13
- token: Break
  start:
    index: 13
    line: 0
    column: 13
  end:
    index: 15
    line: 1
    column: 0
- token: Indent
  start:
    index: 15
    line: 1
    column: 0
  end:
    index: 15
    line: 1
    column: 0
- token: SequenceEntry
  start:
    index: 15
    line: 1
    column: 0
  end:
    index: 16
    line: 1
    column: 1
- token: Separator
  start:
    index: 16
    line: 1
    column: 1
  end:
    index: 17
    line: 1
    column: 2
- token: Scalar
  start:
    index: 17
    line: 1
    column: 2
  end:
    index: 18
    line: 1
    column: 3
- token: Break
  start:
    index: 18
    line: 1
    column: 3
  end:
    index: 20
    line: 2
    column: 0

