---
source: src/grammar/document/tests.rs
expression: "parse(prefix, \"%YAML\\n\")"
---
- token: directive
  stream: "%"
  span:
    start:
      index: 0
      line: 0
      column: 0
    end:
      index: 1
      line: 0
      column: 1
- token: directive_name
  stream: YAML
  span:
    start:
      index: 1
      line: 0
      column: 1
    end:
      index: 5
      line: 0
      column: 5
- severity: error
  message: "expected a YAML version number, but reached end of line"
  span:
    start:
      index: 5
      line: 0
      column: 5
    end:
      index: 6
      line: 1
      column: 0
  stream: "\n"
- token: break
  stream: "\n"
  span:
    start:
      index: 5
      line: 0
      column: 5
    end:
      index: 6
      line: 1
      column: 0
- value:
    version: ~
    tags: {}

