---
source: src/grammar/document/tests.rs
expression: "parse(prefix, \"---\\tfoo\")"
---
- token: directives_end
  stream: "---"
  span:
    start:
      index: 0
      line: 0
      column: 0
    end:
      index: 3
      line: 0
      column: 3
- token: separator
  stream: "\t"
  span:
    start:
      index: 3
      line: 0
      column: 3
    end:
      index: 4
      line: 0
      column: 4
- value:
    version: ~
    tags: {}
- remainder: foo
  span:
    start:
      index: 4
      line: 0
      column: 4
    end:
      index: 7
      line: 0
      column: 7

