---
source: src/grammar/document/tests.rs
expression: "parse(prefix, \" ---\\nfoo\")"
---
- token: indent
  stream: " "
  span:
    start:
      index: 0
      line: 0
      column: 0
    end:
      index: 1
      line: 0
      column: 1
- value:
    version: ~
    tags: {}
- remainder: "---\nfoo"
  span:
    start:
      index: 1
      line: 0
      column: 1
    end:
      index: 8
      line: 1
      column: 3

