---
source: src/grammar/document/tests.rs
expression: "parse(prefix_unterminated, \"\\u{feff}---\\nfoo\")"
---
- token: byte_order_mark
  stream: ﻿
  span:
    start:
      index: 0
      line: 0
      column: 0
    end:
      index: 3
      line: 0
      column: 3
- token: directives_end
  stream: "---"
  span:
    start:
      index: 3
      line: 0
      column: 3
    end:
      index: 6
      line: 0
      column: 6
- value:
    version: ~
    tags: {}
- remainder: "\nfoo"
  span:
    start:
      index: 6
      line: 0
      column: 6
    end:
      index: 10
      line: 1
      column: 3

