---
source: src/grammar/document/tests.rs
expression: "parse(prefix, \" ---\")"
---
- token: separator
  stream: " "
  span:
    start:
      index: 0
      line: 0
      column: 0
    end:
      index: 1
      line: 0
      column: 1
- value:
    version: ~
    tags: {}
- remainder: "---"
  span:
    start:
      index: 1
      line: 0
      column: 1
    end:
      index: 4
      line: 0
      column: 4

