---
source: src/grammar/document/tests.rs
expression: "parse(prefix_unterminated, \"---\\nfoo\")"
---
- token: directives_end
  stream: "---"
  span:
    start:
      index: 0
      line: 0
      column: 0
    end:
      index: 3
      line: 0
      column: 3
- token: break
  stream: "\n"
  span:
    start:
      index: 3
      line: 0
      column: 3
    end:
      index: 4
      line: 1
      column: 0
- value:
    version: ~
    tags: {}
- remainder: foo
  span:
    start:
      index: 4
      line: 1
      column: 0
    end:
      index: 7
      line: 1
      column: 3

