---
source: src/grammar/document/tests.rs
expression: "parse(prefix_unterminated, \"\")"
---
- severity: error
  message: "documents must be separated by a marker line ('...' or '---')"
  span:
    start:
      index: 0
      line: 0
      column: 0
    end:
      index: 0
      line: 0
      column: 0
  stream: ""
- value:
    explicit: false
    version: ~
    tags: {}

