---
source: src/grammar/trivia/tests.rs
expression: "parse_unseparated(trailing_lines, \"foo\")"
---
- severity: error
  message: "expected whitespace or a line break, but found 'f'"
  span:
    start:
      index: 0
      line: 0
      column: 0
    end:
      index: 1
      line: 0
      column: 1
  stream: f
- remainder: foo
  span:
    start:
      index: 0
      line: 0
      column: 0
    end:
      index: 3
      line: 0
      column: 3

