---
source: src/grammar/trivia/tests.rs
expression: "parse(non_content_break, \"foo\")"
---
- severity: error
  message: "Diagnostic { span: Span { start: Location { index: 0, line: 0, column: 0 }, end: Location { index: 0, line: 0, column: 0 } }, kind: Expected(Token(Break), Some('f')) }"
  span:
    start:
      index: 0
      line: 0
      column: 0
    end:
      index: 0
      line: 0
      column: 0
  stream: ""

