---
source: src/grammar/trivia/tests.rs
expression: "parse(non_content_break, \"foo\")"
---
- severity: error
  message: "expected a line break, but found 'f'"
  span:
    start:
      index: 0
      line: 0
      column: 0
    end:
      index: 0
      line: 0
      column: 0
  stream: ""
- remainder: foo
  span:
    start:
      index: 0
      line: 0
      column: 0
    end:
      index: 3
      line: 0
      column: 3

