---
source: src/grammar/trivia/tests.rs
expression: "parse(comment_lines, \"# comment\\n\\n# two\")"
---
- token: comment
  stream: "# comment"
  span:
    start:
      index: 0
      line: 0
      column: 0
    end:
      index: 9
      line: 0
      column: 9
- token: break
  stream: "\n"
  span:
    start:
      index: 9
      line: 0
      column: 9
    end:
      index: 10
      line: 1
      column: 0
- token: break
  stream: "\n"
  span:
    start:
      index: 10
      line: 1
      column: 0
    end:
      index: 11
      line: 2
      column: 0
- token: comment
  stream: "# two"
  span:
    start:
      index: 11
      line: 2
      column: 0
    end:
      index: 16
      line: 2
      column: 5
- value: ~

