---
source: src/grammar/trivia/tests.rs
expression: "parse(comment_lines, \" \\n\")"
---
- token: separator
  stream: " "
  span:
    start:
      index: 0
      line: 0
      column: 0
    end:
      index: 1
      line: 0
      column: 1
- token: break
  stream: "\n"
  span:
    start:
      index: 1
      line: 0
      column: 1
    end:
      index: 2
      line: 1
      column: 0
- value: ~

